2026-07-19 10:48:12.794  INFO 24968 --- [main] com.mybatis.Application                  : Starting Application using Java 17.0.19 on LY with PID 24968 (D:\Program Files\JetBrains\IntelliJ IDEA 2026.1.3\Project\springboot-mybatis\target\classes started by 25022 in D:\Program Files\JetBrains\IntelliJ IDEA 2026.1.3\Project\springboot-mybatis)
2026-07-19 10:48:12.802  INFO 24968 --- [main] com.mybatis.Application                  : No active profile set, falling back to 1 default profile: "default"
2026-07-19 10:48:13.641  INFO 24968 --- [main] .s.d.r.c.RepositoryConfigurationDelegate : Multiple Spring Data modules found, entering strict repository configuration mode!
2026-07-19 10:48:13.646  INFO 24968 --- [main] .s.d.r.c.RepositoryConfigurationDelegate : Bootstrapping Spring Data Redis repositories in DEFAULT mode.
2026-07-19 10:48:13.680  INFO 24968 --- [main] .s.d.r.c.RepositoryConfigurationDelegate : Finished Spring Data repository scanning in 11 ms. Found 0 Redis repository interfaces.
2026-07-19 10:48:14.496  INFO 24968 --- [main] o.s.b.w.embedded.tomcat.TomcatWebServer  : Tomcat initialized with port(s): 8080 (http)
2026-07-19 10:48:14.513  INFO 24968 --- [main] o.apache.catalina.core.StandardService   : Starting service [Tomcat]
2026-07-19 10:48:14.514  INFO 24968 --- [main] org.apache.catalina.core.StandardEngine  : Starting Servlet engine: [Apache Tomcat/9.0.63]
2026-07-19 10:48:14.676  INFO 24968 --- [main] o.a.c.c.C.[Tomcat].[localhost].[/]       : Initializing Spring embedded WebApplicationContext
2026-07-19 10:48:14.676  INFO 24968 --- [main] w.s.c.ServletWebServerApplicationContext : Root WebApplicationContext: initialization completed in 1795 ms
2026-07-19 10:48:16.384  INFO 24968 --- [main] o.s.b.w.embedded.tomcat.TomcatWebServer  : Tomcat started on port(s): 8080 (http) with context path ''
2026-07-19 10:48:16.402  INFO 24968 --- [main] com.mybatis.Application                  : Started Application in 4.18 seconds (JVM running for 4.733)
2026-07-19 10:48:52.398  INFO 24968 --- [http-nio-8080-exec-1] o.a.c.c.C.[Tomcat].[localhost].[/]       : Initializing Spring DispatcherServlet 'dispatcherServlet'
2026-07-19 10:48:52.398  INFO 24968 --- [http-nio-8080-exec-1] o.s.web.servlet.DispatcherServlet        : Initializing Servlet 'dispatcherServlet'
2026-07-19 10:48:52.398  INFO 24968 --- [http-nio-8080-exec-1] o.s.web.servlet.DispatcherServlet        : Completed initialization in 0 ms
2026-07-19 10:55:27.511  INFO 4244 --- [main] com.mybatis.Application                  : Starting Application using Java 17.0.19 on LY with PID 4244 (D:\Program Files\JetBrains\IntelliJ IDEA 2026.1.3\Project\springboot-mybatis\target\classes started by 25022 in D:\Program Files\JetBrains\IntelliJ IDEA 2026.1.3\Project\springboot-mybatis)
2026-07-19 10:55:27.513  INFO 4244 --- [main] com.mybatis.Application                  : No active profile set, falling back to 1 default profile: "default"
2026-07-19 10:55:28.083  INFO 4244 --- [main] .s.d.r.c.RepositoryConfigurationDelegate : Multiple Spring Data modules found, entering strict repository configuration mode!
2026-07-19 10:55:28.086  INFO 4244 --- [main] .s.d.r.c.RepositoryConfigurationDelegate : Bootstrapping Spring Data Redis repositories in DEFAULT mode.
2026-07-19 10:55:28.107  INFO 4244 --- [main] .s.d.r.c.RepositoryConfigurationDelegate : Finished Spring Data repository scanning in 8 ms. Found 0 Redis repository interfaces.
2026-07-19 10:55:28.673  INFO 4244 --- [main] o.s.b.w.embedded.tomcat.TomcatWebServer  : Tomcat initialized with port(s): 8080 (http)
2026-07-19 10:55:28.681  INFO 4244 --- [main] o.apache.catalina.core.StandardService   : Starting service [Tomcat]
2026-07-19 10:55:28.682  INFO 4244 --- [main] org.apache.catalina.core.StandardEngine  : Starting Servlet engine: [Apache Tomcat/9.0.63]
2026-07-19 10:55:28.819  INFO 4244 --- [main] o.a.c.c.C.[Tomcat].[localhost].[/]       : Initializing Spring embedded WebApplicationContext
2026-07-19 10:55:28.820  INFO 4244 --- [main] w.s.c.ServletWebServerApplicationContext : Root WebApplicationContext: initialization completed in 1256 ms
2026-07-19 10:55:29.735  INFO 4244 --- [main] o.s.b.w.embedded.tomcat.TomcatWebServer  : Tomcat started on port(s): 8080 (http) with context path ''
2026-07-19 10:55:29.747  INFO 4244 --- [main] com.mybatis.Application                  : Started Application in 2.621 seconds (JVM running for 3.25)
2026-07-19 10:55:32.701  INFO 4244 --- [http-nio-8080-exec-1] o.a.c.c.C.[Tomcat].[localhost].[/]       : Initializing Spring DispatcherServlet 'dispatcherServlet'
2026-07-19 10:55:32.701  INFO 4244 --- [http-nio-8080-exec-1] o.s.web.servlet.DispatcherServlet        : Initializing Servlet 'dispatcherServlet'
2026-07-19 10:55:32.702  INFO 4244 --- [http-nio-8080-exec-1] o.s.web.servlet.DispatcherServlet        : Completed initialization in 1 ms
2026-07-19 10:56:07.400  INFO 16836 --- [main] com.mybatis.Application                  : Starting Application using Java 17.0.19 on LY with PID 16836 (D:\Program Files\JetBrains\IntelliJ IDEA 2026.1.3\Project\springboot-mybatis\target\classes started by 25022 in D:\Program Files\JetBrains\IntelliJ IDEA 2026.1.3\Project\springboot-mybatis)
2026-07-19 10:56:07.403  INFO 16836 --- [main] com.mybatis.Application                  : No active profile set, falling back to 1 default profile: "default"
2026-07-19 10:56:07.944  INFO 16836 --- [main] .s.d.r.c.RepositoryConfigurationDelegate : Multiple Spring Data modules found, entering strict repository configuration mode!
2026-07-19 10:56:07.947  INFO 16836 --- [main] .s.d.r.c.RepositoryConfigurationDelegate : Bootstrapping Spring Data Redis repositories in DEFAULT mode.
2026-07-19 10:56:07.966  INFO 16836 --- [main] .s.d.r.c.RepositoryConfigurationDelegate : Finished Spring Data repository scanning in 7 ms. Found 0 Redis repository interfaces.
2026-07-19 10:56:08.486  INFO 16836 --- [main] o.s.b.w.embedded.tomcat.TomcatWebServer  : Tomcat initialized with port(s): 8080 (http)
2026-07-19 10:56:08.502  INFO 16836 --- [main] o.apache.catalina.core.StandardService   : Starting service [Tomcat]
2026-07-19 10:56:08.502  INFO 16836 --- [main] org.apache.catalina.core.StandardEngine  : Starting Servlet engine: [Apache Tomcat/9.0.63]
2026-07-19 10:56:08.630  INFO 16836 --- [main] o.a.c.c.C.[Tomcat].[localhost].[/]       : Initializing Spring embedded WebApplicationContext
2026-07-19 10:56:08.630  INFO 16836 --- [main] w.s.c.ServletWebServerApplicationContext : Root WebApplicationContext: initialization completed in 1180 ms
2026-07-19 10:56:09.495  INFO 16836 --- [main] o.s.b.w.embedded.tomcat.TomcatWebServer  : Tomcat started on port(s): 8080 (http) with context path ''
2026-07-19 10:56:09.506  INFO 16836 --- [main] com.mybatis.Application                  : Started Application in 2.487 seconds (JVM running for 3.118)
2026-07-19 10:56:44.583  INFO 16836 --- [http-nio-8080-exec-1] o.a.c.c.C.[Tomcat].[localhost].[/]       : Initializing Spring DispatcherServlet 'dispatcherServlet'
2026-07-19 10:56:44.583  INFO 16836 --- [http-nio-8080-exec-1] o.s.web.servlet.DispatcherServlet        : Initializing Servlet 'dispatcherServlet'
2026-07-19 10:56:44.583  INFO 16836 --- [http-nio-8080-exec-1] o.s.web.servlet.DispatcherServlet        : Completed initialization in 0 ms
2026-07-19 10:57:08.800  INFO 11700 --- [main] com.mybatis.Application                  : Starting Application using Java 17.0.19 on LY with PID 11700 (D:\Program Files\JetBrains\IntelliJ IDEA 2026.1.3\Project\springboot-mybatis\target\classes started by 25022 in D:\Program Files\JetBrains\IntelliJ IDEA 2026.1.3\Project\springboot-mybatis)
2026-07-19 10:57:08.802  INFO 11700 --- [main] com.mybatis.Application                  : No active profile set, falling back to 1 default profile: "default"
2026-07-19 10:57:09.346  INFO 11700 --- [main] .s.d.r.c.RepositoryConfigurationDelegate : Multiple Spring Data modules found, entering strict repository configuration mode!
2026-07-19 10:57:09.348  INFO 11700 --- [main] .s.d.r.c.RepositoryConfigurationDelegate : Bootstrapping Spring Data Redis repositories in DEFAULT mode.
2026-07-19 10:57:09.369  INFO 11700 --- [main] .s.d.r.c.RepositoryConfigurationDelegate : Finished Spring Data repository scanning in 8 ms. Found 0 Redis repository interfaces.
2026-07-19 10:57:09.884  INFO 11700 --- [main] o.s.b.w.embedded.tomcat.TomcatWebServer  : Tomcat initialized with port(s): 8080 (http)
2026-07-19 10:57:09.893  INFO 11700 --- [main] o.apache.catalina.core.StandardService   : Starting service [Tomcat]
2026-07-19 10:57:09.894  INFO 11700 --- [main] org.apache.catalina.core.StandardEngine  : Starting Servlet engine: [Apache Tomcat/9.0.63]
2026-07-19 10:57:10.025  INFO 11700 --- [main] o.a.c.c.C.[Tomcat].[localhost].[/]       : Initializing Spring embedded WebApplicationContext
2026-07-19 10:57:10.026  INFO 11700 --- [main] w.s.c.ServletWebServerApplicationContext : Root WebApplicationContext: initialization completed in 1181 ms
2026-07-19 10:57:10.858  INFO 11700 --- [main] o.s.b.w.embedded.tomcat.TomcatWebServer  : Tomcat started on port(s): 8080 (http) with context path ''
2026-07-19 10:57:10.868  INFO 11700 --- [main] com.mybatis.Application                  : Started Application in 2.434 seconds (JVM running for 3.081)
2026-07-19 10:57:12.520  INFO 11700 --- [http-nio-8080-exec-1] o.a.c.c.C.[Tomcat].[localhost].[/]       : Initializing Spring DispatcherServlet 'dispatcherServlet'
2026-07-19 10:57:12.520  INFO 11700 --- [http-nio-8080-exec-1] o.s.web.servlet.DispatcherServlet        : Initializing Servlet 'dispatcherServlet'
2026-07-19 10:57:12.521  INFO 11700 --- [http-nio-8080-exec-1] o.s.web.servlet.DispatcherServlet        : Completed initialization in 1 ms
2026-07-19 10:57:37.671  INFO 11856 --- [main] com.mybatis.Application                  : Starting Application using Java 17.0.19 on LY with PID 11856 (D:\Program Files\JetBrains\IntelliJ IDEA 2026.1.3\Project\springboot-mybatis\target\classes started by 25022 in D:\Program Files\JetBrains\IntelliJ IDEA 2026.1.3\Project\springboot-mybatis)
2026-07-19 10:57:37.674  INFO 11856 --- [main] com.mybatis.Application                  : No active profile set, falling back to 1 default profile: "default"
2026-07-19 10:57:38.221  INFO 11856 --- [main] .s.d.r.c.RepositoryConfigurationDelegate : Multiple Spring Data modules found, entering strict repository configuration mode!
2026-07-19 10:57:38.224  INFO 11856 --- [main] .s.d.r.c.RepositoryConfigurationDelegate : Bootstrapping Spring Data Redis repositories in DEFAULT mode.
2026-07-19 10:57:38.244  INFO 11856 --- [main] .s.d.r.c.RepositoryConfigurationDelegate : Finished Spring Data repository scanning in 7 ms. Found 0 Redis repository interfaces.
2026-07-19 10:57:38.776  INFO 11856 --- [main] o.s.b.w.embedded.tomcat.TomcatWebServer  : Tomcat initialized with port(s): 8080 (http)
2026-07-19 10:57:38.785  INFO 11856 --- [main] o.apache.catalina.core.StandardService   : Starting service [Tomcat]
2026-07-19 10:57:38.786  INFO 11856 --- [main] org.apache.catalina.core.StandardEngine  : Starting Servlet engine: [Apache Tomcat/9.0.63]
2026-07-19 10:57:38.916  INFO 11856 --- [main] o.a.c.c.C.[Tomcat].[localhost].[/]       : Initializing Spring embedded WebApplicationContext
2026-07-19 10:57:38.916  INFO 11856 --- [main] w.s.c.ServletWebServerApplicationContext : Root WebApplicationContext: initialization completed in 1197 ms
2026-07-19 10:57:39.764  INFO 11856 --- [main] o.s.b.w.embedded.tomcat.TomcatWebServer  : Tomcat started on port(s): 8080 (http) with context path ''
2026-07-19 10:57:39.775  INFO 11856 --- [main] com.mybatis.Application                  : Started Application in 2.476 seconds (JVM running for 3.103)
2026-07-19 10:57:41.699  INFO 11856 --- [http-nio-8080-exec-1] o.a.c.c.C.[Tomcat].[localhost].[/]       : Initializing Spring DispatcherServlet 'dispatcherServlet'
2026-07-19 10:57:41.699  INFO 11856 --- [http-nio-8080-exec-1] o.s.web.servlet.DispatcherServlet        : Initializing Servlet 'dispatcherServlet'
2026-07-19 10:57:41.699  INFO 11856 --- [http-nio-8080-exec-1] o.s.web.servlet.DispatcherServlet        : Completed initialization in 0 ms
2026-07-19 10:58:20.699  INFO 16512 --- [main] com.mybatis.Application                  : Starting Application using Java 17.0.19 on LY with PID 16512 (D:\Program Files\JetBrains\IntelliJ IDEA 2026.1.3\Project\springboot-mybatis\target\classes started by 25022 in D:\Program Files\JetBrains\IntelliJ IDEA 2026.1.3\Project\springboot-mybatis)
2026-07-19 10:58:20.701  INFO 16512 --- [main] com.mybatis.Application                  : No active profile set, falling back to 1 default profile: "default"
2026-07-19 10:58:21.249  INFO 16512 --- [main] .s.d.r.c.RepositoryConfigurationDelegate : Multiple Spring Data modules found, entering strict repository configuration mode!
2026-07-19 10:58:21.251  INFO 16512 --- [main] .s.d.r.c.RepositoryConfigurationDelegate : Bootstrapping Spring Data Redis repositories in DEFAULT mode.
2026-07-19 10:58:21.272  INFO 16512 --- [main] .s.d.r.c.RepositoryConfigurationDelegate : Finished Spring Data repository scanning in 7 ms. Found 0 Redis repository interfaces.
2026-07-19 10:58:21.801  INFO 16512 --- [main] o.s.b.w.embedded.tomcat.TomcatWebServer  : Tomcat initialized with port(s): 8080 (http)
2026-07-19 10:58:21.810  INFO 16512 --- [main] o.apache.catalina.core.StandardService   : Starting service [Tomcat]
2026-07-19 10:58:21.810  INFO 16512 --- [main] org.apache.catalina.core.StandardEngine  : Starting Servlet engine: [Apache Tomcat/9.0.63]
2026-07-19 10:58:21.943  INFO 16512 --- [main] o.a.c.c.C.[Tomcat].[localhost].[/]       : Initializing Spring embedded WebApplicationContext
2026-07-19 10:58:21.943  INFO 16512 --- [main] w.s.c.ServletWebServerApplicationContext : Root WebApplicationContext: initialization completed in 1196 ms
2026-07-19 10:58:22.782  INFO 16512 --- [main] o.s.b.w.embedded.tomcat.TomcatWebServer  : Tomcat started on port(s): 8080 (http) with context path ''
2026-07-19 10:58:22.793  INFO 16512 --- [main] com.mybatis.Application                  : Started Application in 2.468 seconds (JVM running for 3.088)
2026-07-19 10:58:26.175  INFO 16512 --- [http-nio-8080-exec-1] o.a.c.c.C.[Tomcat].[localhost].[/]       : Initializing Spring DispatcherServlet 'dispatcherServlet'
2026-07-19 10:58:26.175  INFO 16512 --- [http-nio-8080-exec-1] o.s.web.servlet.DispatcherServlet        : Initializing Servlet 'dispatcherServlet'
2026-07-19 10:58:26.176  INFO 16512 --- [http-nio-8080-exec-1] o.s.web.servlet.DispatcherServlet        : Completed initialization in 1 ms
2026-07-19 10:59:45.399  INFO 26756 --- [main] com.mybatis.Application                  : Starting Application using Java 17.0.19 on LY with PID 26756 (D:\Program Files\JetBrains\IntelliJ IDEA 2026.1.3\Project\springboot-mybatis\target\classes started by 25022 in D:\Program Files\JetBrains\IntelliJ IDEA 2026.1.3\Project\springboot-mybatis)
2026-07-19 10:59:45.403  INFO 26756 --- [main] com.mybatis.Application                  : No active profile set, falling back to 1 default profile: "default"
2026-07-19 10:59:46.134  INFO 26756 --- [main] .s.d.r.c.RepositoryConfigurationDelegate : Multiple Spring Data modules found, entering strict repository configuration mode!
2026-07-19 10:59:46.140  INFO 26756 --- [main] .s.d.r.c.RepositoryConfigurationDelegate : Bootstrapping Spring Data Redis repositories in DEFAULT mode.
2026-07-19 10:59:46.168  INFO 26756 --- [main] .s.d.r.c.RepositoryConfigurationDelegate : Finished Spring Data repository scanning in 10 ms. Found 0 Redis repository interfaces.
2026-07-19 10:59:46.875  INFO 26756 --- [main] o.s.b.w.embedded.tomcat.TomcatWebServer  : Tomcat initialized with port(s): 8080 (http)
2026-07-19 10:59:46.889  INFO 26756 --- [main] o.apache.catalina.core.StandardService   : Starting service [Tomcat]
2026-07-19 10:59:46.889  INFO 26756 --- [main] org.apache.catalina.core.StandardEngine  : Starting Servlet engine: [Apache Tomcat/9.0.63]
2026-07-19 10:59:47.041  INFO 26756 --- [main] o.a.c.c.C.[Tomcat].[localhost].[/]       : Initializing Spring embedded WebApplicationContext
2026-07-19 10:59:47.041  INFO 26756 --- [main] w.s.c.ServletWebServerApplicationContext : Root WebApplicationContext: initialization completed in 1582 ms
2026-07-19 10:59:48.718  INFO 26756 --- [main] o.s.b.w.embedded.tomcat.TomcatWebServer  : Tomcat started on port(s): 8080 (http) with context path ''
2026-07-19 10:59:48.746  INFO 26756 --- [main] com.mybatis.Application                  : Started Application in 3.869 seconds (JVM running for 4.368)
2026-07-19 11:00:00.074  INFO 26756 --- [http-nio-8080-exec-1] o.a.c.c.C.[Tomcat].[localhost].[/]       : Initializing Spring DispatcherServlet 'dispatcherServlet'
2026-07-19 11:00:00.075  INFO 26756 --- [http-nio-8080-exec-1] o.s.web.servlet.DispatcherServlet        : Initializing Servlet 'dispatcherServlet'
2026-07-19 11:00:00.075  INFO 26756 --- [http-nio-8080-exec-1] o.s.web.servlet.DispatcherServlet        : Completed initialization in 0 ms
2026-07-19 11:01:31.971  INFO 3124 --- [main] com.mybatis.Application                  : Starting Application using Java 17.0.19 on LY with PID 3124 (D:\Program Files\JetBrains\IntelliJ IDEA 2026.1.3\Project\springboot-mybatis\target\classes started by 25022 in D:\Program Files\JetBrains\IntelliJ IDEA 2026.1.3\Project\springboot-mybatis)
2026-07-19 11:01:31.973  INFO 3124 --- [main] com.mybatis.Application                  : No active profile set, falling back to 1 default profile: "default"
2026-07-19 11:01:32.763  INFO 3124 --- [main] .s.d.r.c.RepositoryConfigurationDelegate : Multiple Spring Data modules found, entering strict repository configuration mode!
2026-07-19 11:01:32.766  INFO 3124 --- [main] .s.d.r.c.RepositoryConfigurationDelegate : Bootstrapping Spring Data Redis repositories in DEFAULT mode.
2026-07-19 11:01:32.806  INFO 3124 --- [main] .s.d.r.c.RepositoryConfigurationDelegate : Finished Spring Data repository scanning in 12 ms. Found 0 Redis repository interfaces.
2026-07-19 11:01:33.532  INFO 3124 --- [main] o.s.b.w.embedded.tomcat.TomcatWebServer  : Tomcat initialized with port(s): 8080 (http)
2026-07-19 11:01:33.546  INFO 3124 --- [main] o.apache.catalina.core.StandardService   : Starting service [Tomcat]
2026-07-19 11:01:33.548  INFO 3124 --- [main] org.apache.catalina.core.StandardEngine  : Starting Servlet engine: [Apache Tomcat/9.0.63]
2026-07-19 11:01:33.703  INFO 3124 --- [main] o.a.c.c.C.[Tomcat].[localhost].[/]       : Initializing Spring embedded WebApplicationContext
2026-07-19 11:01:33.703  INFO 3124 --- [main] w.s.c.ServletWebServerApplicationContext : Root WebApplicationContext: initialization completed in 1667 ms
2026-07-19 11:01:35.279  INFO 3124 --- [main] o.s.b.w.embedded.tomcat.TomcatWebServer  : Tomcat started on port(s): 8080 (http) with context path ''
2026-07-19 11:01:35.291  INFO 3124 --- [main] com.mybatis.Application                  : Started Application in 3.826 seconds (JVM running for 4.313)
2026-07-19 11:01:38.780  INFO 3124 --- [http-nio-8080-exec-1] o.a.c.c.C.[Tomcat].[localhost].[/]       : Initializing Spring DispatcherServlet 'dispatcherServlet'
2026-07-19 11:01:38.780  INFO 3124 --- [http-nio-8080-exec-1] o.s.web.servlet.DispatcherServlet        : Initializing Servlet 'dispatcherServlet'
2026-07-19 11:01:38.780  INFO 3124 --- [http-nio-8080-exec-1] o.s.web.servlet.DispatcherServlet        : Completed initialization in 0 ms
2026-07-19 11:01:39.482 ERROR 3124 --- [http-nio-8080-exec-1] o.a.c.c.C.[.[.[/].[dispatcherServlet]    : Servlet.service() for servlet [dispatcherServlet] in context with path [] threw exception [Request processing failed; nested exception is org.springframework.data.redis.RedisConnectionFailureException: Unable to connect to Redis; nested exception is io.lettuce.core.RedisConnectionException: Unable to connect to localhost/<unresolved>:6379] with root cause

io.lettuce.core.RedisCommandExecutionException: NOAUTH Authentication required.
	at io.lettuce.core.internal.ExceptionFactory.createExecutionException(ExceptionFactory.java:147) ~[lettuce-core-6.1.8.RELEASE.jar:6.1.8.RELEASE]
	at io.lettuce.core.internal.ExceptionFactory.createExecutionException(ExceptionFactory.java:116) ~[lettuce-core-6.1.8.RELEASE.jar:6.1.8.RELEASE]
	at io.lettuce.core.protocol.AsyncCommand.completeResult(AsyncCommand.java:120) ~[lettuce-core-6.1.8.RELEASE.jar:6.1.8.RELEASE]
	at io.lettuce.core.protocol.AsyncCommand.complete(AsyncCommand.java:111) ~[lettuce-core-6.1.8.RELEASE.jar:6.1.8.RELEASE]
	at io.lettuce.core.protocol.CommandHandler.complete(CommandHandler.java:746) ~[lettuce-core-6.1.8.RELEASE.jar:6.1.8.RELEASE]
	at io.lettuce.core.protocol.CommandHandler.decode(CommandHandler.java:681) ~[lettuce-core-6.1.8.RELEASE.jar:6.1.8.RELEASE]
	at io.lettuce.core.protocol.CommandHandler.channelRead(CommandHandler.java:598) ~[lettuce-core-6.1.8.RELEASE.jar:6.1.8.RELEASE]
	at io.netty.channel.AbstractChannelHandlerContext.invokeChannelRead(AbstractChannelHandlerContext.java:379) ~[netty-transport-4.1.77.Final.jar:4.1.77.Final]
	at io.netty.channel.AbstractChannelHandlerContext.invokeChannelRead(AbstractChannelHandlerContext.java:365) ~[netty-transport-4.1.77.Final.jar:4.1.77.Final]
	at io.netty.channel.AbstractChannelHandlerContext.fireChannelRead(AbstractChannelHandlerContext.java:357) ~[netty-transport-4.1.77.Final.jar:4.1.77.Final]
	at io.netty.channel.DefaultChannelPipeline$HeadContext.channelRead(DefaultChannelPipeline.java:1410) ~[netty-transport-4.1.77.Final.jar:4.1.77.Final]
	at io.netty.channel.AbstractChannelHandlerContext.invokeChannelRead(AbstractChannelHandlerContext.java:379) ~[netty-transport-4.1.77.Final.jar:4.1.77.Final]
	at io.netty.channel.AbstractChannelHandlerContext.invokeChannelRead(AbstractChannelHandlerContext.java:365) ~[netty-transport-4.1.77.Final.jar:4.1.77.Final]
	at io.netty.channel.DefaultChannelPipeline.fireChannelRead(DefaultChannelPipeline.java:919) ~[netty-transport-4.1.77.Final.jar:4.1.77.Final]
	at io.netty.channel.nio.AbstractNioByteChannel$NioByteUnsafe.read(AbstractNioByteChannel.java:166) ~[netty-transport-4.1.77.Final.jar:4.1.77.Final]
	at io.netty.channel.nio.NioEventLoop.processSelectedKey(NioEventLoop.java:722) ~[netty-transport-4.1.77.Final.jar:4.1.77.Final]
	at io.netty.channel.nio.NioEventLoop.processSelectedKeysOptimized(NioEventLoop.java:658) ~[netty-transport-4.1.77.Final.jar:4.1.77.Final]
	at io.netty.channel.nio.NioEventLoop.processSelectedKeys(NioEventLoop.java:584) ~[netty-transport-4.1.77.Final.jar:4.1.77.Final]
	at io.netty.channel.nio.NioEventLoop.run(NioEventLoop.java:496) ~[netty-transport-4.1.77.Final.jar:4.1.77.Final]
	at io.netty.util.concurrent.SingleThreadEventExecutor$4.run(SingleThreadEventExecutor.java:995) ~[netty-common-4.1.77.Final.jar:4.1.77.Final]
	at io.netty.util.internal.ThreadExecutorMap$2.run(ThreadExecutorMap.java:74) ~[netty-common-4.1.77.Final.jar:4.1.77.Final]
	at io.netty.util.concurrent.FastThreadLocalRunnable.run(FastThreadLocalRunnable.java:30) ~[netty-common-4.1.77.Final.jar:4.1.77.Final]
	at java.base/java.lang.Thread.run(Thread.java:840) ~[na:na]

2026-07-19 11:01:41.750 ERROR 3124 --- [http-nio-8080-exec-2] o.a.c.c.C.[.[.[/].[dispatcherServlet]    : Servlet.service() for servlet [dispatcherServlet] in context with path [] threw exception [Request processing failed; nested exception is org.springframework.data.redis.RedisConnectionFailureException: Unable to connect to Redis; nested exception is io.lettuce.core.RedisConnectionException: Unable to connect to localhost/<unresolved>:6379] with root cause

io.lettuce.core.RedisCommandExecutionException: NOAUTH Authentication required.
	at io.lettuce.core.internal.ExceptionFactory.createExecutionException(ExceptionFactory.java:147) ~[lettuce-core-6.1.8.RELEASE.jar:6.1.8.RELEASE]
	at io.lettuce.core.internal.ExceptionFactory.createExecutionException(ExceptionFactory.java:116) ~[lettuce-core-6.1.8.RELEASE.jar:6.1.8.RELEASE]
	at io.lettuce.core.protocol.AsyncCommand.completeResult(AsyncCommand.java:120) ~[lettuce-core-6.1.8.RELEASE.jar:6.1.8.RELEASE]
	at io.lettuce.core.protocol.AsyncCommand.complete(AsyncCommand.java:111) ~[lettuce-core-6.1.8.RELEASE.jar:6.1.8.RELEASE]
	at io.lettuce.core.protocol.CommandHandler.complete(CommandHandler.java:746) ~[lettuce-core-6.1.8.RELEASE.jar:6.1.8.RELEASE]
	at io.lettuce.core.protocol.CommandHandler.decode(CommandHandler.java:681) ~[lettuce-core-6.1.8.RELEASE.jar:6.1.8.RELEASE]
	at io.lettuce.core.protocol.CommandHandler.channelRead(CommandHandler.java:598) ~[lettuce-core-6.1.8.RELEASE.jar:6.1.8.RELEASE]
	at io.netty.channel.AbstractChannelHandlerContext.invokeChannelRead(AbstractChannelHandlerContext.java:379) ~[netty-transport-4.1.77.Final.jar:4.1.77.Final]
	at io.netty.channel.AbstractChannelHandlerContext.invokeChannelRead(AbstractChannelHandlerContext.java:365) ~[netty-transport-4.1.77.Final.jar:4.1.77.Final]
	at io.netty.channel.AbstractChannelHandlerContext.fireChannelRead(AbstractChannelHandlerContext.java:357) ~[netty-transport-4.1.77.Final.jar:4.1.77.Final]
	at io.netty.channel.DefaultChannelPipeline$HeadContext.channelRead(DefaultChannelPipeline.java:1410) ~[netty-transport-4.1.77.Final.jar:4.1.77.Final]
	at io.netty.channel.AbstractChannelHandlerContext.invokeChannelRead(AbstractChannelHandlerContext.java:379) ~[netty-transport-4.1.77.Final.jar:4.1.77.Final]
	at io.netty.channel.AbstractChannelHandlerContext.invokeChannelRead(AbstractChannelHandlerContext.java:365) ~[netty-transport-4.1.77.Final.jar:4.1.77.Final]
	at io.netty.channel.DefaultChannelPipeline.fireChannelRead(DefaultChannelPipeline.java:919) ~[netty-transport-4.1.77.Final.jar:4.1.77.Final]
	at io.netty.channel.nio.AbstractNioByteChannel$NioByteUnsafe.read(AbstractNioByteChannel.java:166) ~[netty-transport-4.1.77.Final.jar:4.1.77.Final]
	at io.netty.channel.nio.NioEventLoop.processSelectedKey(NioEventLoop.java:722) ~[netty-transport-4.1.77.Final.jar:4.1.77.Final]
	at io.netty.channel.nio.NioEventLoop.processSelectedKeysOptimized(NioEventLoop.java:658) ~[netty-transport-4.1.77.Final.jar:4.1.77.Final]
	at io.netty.channel.nio.NioEventLoop.processSelectedKeys(NioEventLoop.java:584) ~[netty-transport-4.1.77.Final.jar:4.1.77.Final]
	at io.netty.channel.nio.NioEventLoop.run(NioEventLoop.java:496) ~[netty-transport-4.1.77.Final.jar:4.1.77.Final]
	at io.netty.util.concurrent.SingleThreadEventExecutor$4.run(SingleThreadEventExecutor.java:995) ~[netty-common-4.1.77.Final.jar:4.1.77.Final]
	at io.netty.util.internal.ThreadExecutorMap$2.run(ThreadExecutorMap.java:74) ~[netty-common-4.1.77.Final.jar:4.1.77.Final]
	at io.netty.util.concurrent.FastThreadLocalRunnable.run(FastThreadLocalRunnable.java:30) ~[netty-common-4.1.77.Final.jar:4.1.77.Final]
	at java.base/java.lang.Thread.run(Thread.java:840) ~[na:na]

2026-07-19 11:03:05.645  INFO 23452 --- [main] com.mybatis.Application                  : Starting Application using Java 17.0.19 on LY with PID 23452 (D:\Program Files\JetBrains\IntelliJ IDEA 2026.1.3\Project\springboot-mybatis\target\classes started by 25022 in D:\Program Files\JetBrains\IntelliJ IDEA 2026.1.3\Project\springboot-mybatis)
2026-07-19 11:03:05.649  INFO 23452 --- [main] com.mybatis.Application                  : No active profile set, falling back to 1 default profile: "default"
2026-07-19 11:03:06.377  INFO 23452 --- [main] .s.d.r.c.RepositoryConfigurationDelegate : Multiple Spring Data modules found, entering strict repository configuration mode!
2026-07-19 11:03:06.380  INFO 23452 --- [main] .s.d.r.c.RepositoryConfigurationDelegate : Bootstrapping Spring Data Redis repositories in DEFAULT mode.
2026-07-19 11:03:06.414  INFO 23452 --- [main] .s.d.r.c.RepositoryConfigurationDelegate : Finished Spring Data repository scanning in 10 ms. Found 0 Redis repository interfaces.
2026-07-19 11:03:07.145  INFO 23452 --- [main] o.s.b.w.embedded.tomcat.TomcatWebServer  : Tomcat initialized with port(s): 8080 (http)
2026-07-19 11:03:07.162  INFO 23452 --- [main] o.apache.catalina.core.StandardService   : Starting service [Tomcat]
2026-07-19 11:03:07.162  INFO 23452 --- [main] org.apache.catalina.core.StandardEngine  : Starting Servlet engine: [Apache Tomcat/9.0.63]
2026-07-19 11:03:07.315  INFO 23452 --- [main] o.a.c.c.C.[Tomcat].[localhost].[/]       : Initializing Spring embedded WebApplicationContext
2026-07-19 11:03:07.315  INFO 23452 --- [main] w.s.c.ServletWebServerApplicationContext : Root WebApplicationContext: initialization completed in 1602 ms
2026-07-19 11:03:08.663  INFO 23452 --- [main] o.s.b.w.embedded.tomcat.TomcatWebServer  : Tomcat started on port(s): 8080 (http) with context path ''
2026-07-19 11:03:08.679  INFO 23452 --- [main] com.mybatis.Application                  : Started Application in 3.534 seconds (JVM running for 4.018)
2026-07-19 11:03:10.293  INFO 23452 --- [http-nio-8080-exec-1] o.a.c.c.C.[Tomcat].[localhost].[/]       : Initializing Spring DispatcherServlet 'dispatcherServlet'
2026-07-19 11:03:10.293  INFO 23452 --- [http-nio-8080-exec-1] o.s.web.servlet.DispatcherServlet        : Initializing Servlet 'dispatcherServlet'
2026-07-19 11:03:10.296  INFO 23452 --- [http-nio-8080-exec-1] o.s.web.servlet.DispatcherServlet        : Completed initialization in 3 ms
2026-07-19 11:03:10.972 ERROR 23452 --- [http-nio-8080-exec-1] o.a.c.c.C.[.[.[/].[dispatcherServlet]    : Servlet.service() for servlet [dispatcherServlet] in context with path [] threw exception [Request processing failed; nested exception is org.springframework.data.redis.RedisConnectionFailureException: Unable to connect to Redis; nested exception is io.lettuce.core.RedisConnectionException: Unable to connect to localhost/<unresolved>:6379] with root cause

io.lettuce.core.RedisCommandExecutionException: NOAUTH Authentication required.
	at io.lettuce.core.internal.ExceptionFactory.createExecutionException(ExceptionFactory.java:147) ~[lettuce-core-6.1.8.RELEASE.jar:6.1.8.RELEASE]
	at io.lettuce.core.internal.ExceptionFactory.createExecutionException(ExceptionFactory.java:116) ~[lettuce-core-6.1.8.RELEASE.jar:6.1.8.RELEASE]
	at io.lettuce.core.protocol.AsyncCommand.completeResult(AsyncCommand.java:120) ~[lettuce-core-6.1.8.RELEASE.jar:6.1.8.RELEASE]
	at io.lettuce.core.protocol.AsyncCommand.complete(AsyncCommand.java:111) ~[lettuce-core-6.1.8.RELEASE.jar:6.1.8.RELEASE]
	at io.lettuce.core.protocol.CommandHandler.complete(CommandHandler.java:746) ~[lettuce-core-6.1.8.RELEASE.jar:6.1.8.RELEASE]
	at io.lettuce.core.protocol.CommandHandler.decode(CommandHandler.java:681) ~[lettuce-core-6.1.8.RELEASE.jar:6.1.8.RELEASE]
	at io.lettuce.core.protocol.CommandHandler.channelRead(CommandHandler.java:598) ~[lettuce-core-6.1.8.RELEASE.jar:6.1.8.RELEASE]
	at io.netty.channel.AbstractChannelHandlerContext.invokeChannelRead(AbstractChannelHandlerContext.java:379) ~[netty-transport-4.1.77.Final.jar:4.1.77.Final]
	at io.netty.channel.AbstractChannelHandlerContext.invokeChannelRead(AbstractChannelHandlerContext.java:365) ~[netty-transport-4.1.77.Final.jar:4.1.77.Final]
	at io.netty.channel.AbstractChannelHandlerContext.fireChannelRead(AbstractChannelHandlerContext.java:357) ~[netty-transport-4.1.77.Final.jar:4.1.77.Final]
	at io.netty.channel.DefaultChannelPipeline$HeadContext.channelRead(DefaultChannelPipeline.java:1410) ~[netty-transport-4.1.77.Final.jar:4.1.77.Final]
	at io.netty.channel.AbstractChannelHandlerContext.invokeChannelRead(AbstractChannelHandlerContext.java:379) ~[netty-transport-4.1.77.Final.jar:4.1.77.Final]
	at io.netty.channel.AbstractChannelHandlerContext.invokeChannelRead(AbstractChannelHandlerContext.java:365) ~[netty-transport-4.1.77.Final.jar:4.1.77.Final]
	at io.netty.channel.DefaultChannelPipeline.fireChannelRead(DefaultChannelPipeline.java:919) ~[netty-transport-4.1.77.Final.jar:4.1.77.Final]
	at io.netty.channel.nio.AbstractNioByteChannel$NioByteUnsafe.read(AbstractNioByteChannel.java:166) ~[netty-transport-4.1.77.Final.jar:4.1.77.Final]
	at io.netty.channel.nio.NioEventLoop.processSelectedKey(NioEventLoop.java:722) ~[netty-transport-4.1.77.Final.jar:4.1.77.Final]
	at io.netty.channel.nio.NioEventLoop.processSelectedKeysOptimized(NioEventLoop.java:658) ~[netty-transport-4.1.77.Final.jar:4.1.77.Final]
	at io.netty.channel.nio.NioEventLoop.processSelectedKeys(NioEventLoop.java:584) ~[netty-transport-4.1.77.Final.jar:4.1.77.Final]
	at io.netty.channel.nio.NioEventLoop.run(NioEventLoop.java:496) ~[netty-transport-4.1.77.Final.jar:4.1.77.Final]
	at io.netty.util.concurrent.SingleThreadEventExecutor$4.run(SingleThreadEventExecutor.java:995) ~[netty-common-4.1.77.Final.jar:4.1.77.Final]
	at io.netty.util.internal.ThreadExecutorMap$2.run(ThreadExecutorMap.java:74) ~[netty-common-4.1.77.Final.jar:4.1.77.Final]
	at io.netty.util.concurrent.FastThreadLocalRunnable.run(FastThreadLocalRunnable.java:30) ~[netty-common-4.1.77.Final.jar:4.1.77.Final]
	at java.base/java.lang.Thread.run(Thread.java:840) ~[na:na]

2026-07-19 11:04:48.629  INFO 3628 --- [main] com.mybatis.Application                  : Starting Application using Java 17.0.19 on LY with PID 3628 (D:\Program Files\JetBrains\IntelliJ IDEA 2026.1.3\Project\springboot-mybatis\target\classes started by 25022 in D:\Program Files\JetBrains\IntelliJ IDEA 2026.1.3\Project\springboot-mybatis)
2026-07-19 11:04:48.631  INFO 3628 --- [main] com.mybatis.Application                  : No active profile set, falling back to 1 default profile: "default"
2026-07-19 11:04:49.331  INFO 3628 --- [main] .s.d.r.c.RepositoryConfigurationDelegate : Multiple Spring Data modules found, entering strict repository configuration mode!
2026-07-19 11:04:49.334  INFO 3628 --- [main] .s.d.r.c.RepositoryConfigurationDelegate : Bootstrapping Spring Data Redis repositories in DEFAULT mode.
2026-07-19 11:04:49.360  INFO 3628 --- [main] .s.d.r.c.RepositoryConfigurationDelegate : Finished Spring Data repository scanning in 9 ms. Found 0 Redis repository interfaces.
2026-07-19 11:04:50.098  INFO 3628 --- [main] o.s.b.w.embedded.tomcat.TomcatWebServer  : Tomcat initialized with port(s): 8080 (http)
2026-07-19 11:04:50.115  INFO 3628 --- [main] o.apache.catalina.core.StandardService   : Starting service [Tomcat]
2026-07-19 11:04:50.115  INFO 3628 --- [main] org.apache.catalina.core.StandardEngine  : Starting Servlet engine: [Apache Tomcat/9.0.63]
2026-07-19 11:04:50.287  INFO 3628 --- [main] o.a.c.c.C.[Tomcat].[localhost].[/]       : Initializing Spring embedded WebApplicationContext
2026-07-19 11:04:50.289  INFO 3628 --- [main] w.s.c.ServletWebServerApplicationContext : Root WebApplicationContext: initialization completed in 1599 ms
2026-07-19 11:04:51.947  INFO 3628 --- [main] o.s.b.w.embedded.tomcat.TomcatWebServer  : Tomcat started on port(s): 8080 (http) with context path ''
2026-07-19 11:04:51.961  INFO 3628 --- [main] com.mybatis.Application                  : Started Application in 3.818 seconds (JVM running for 4.3)
2026-07-19 11:04:54.148  INFO 3628 --- [http-nio-8080-exec-1] o.a.c.c.C.[Tomcat].[localhost].[/]       : Initializing Spring DispatcherServlet 'dispatcherServlet'
2026-07-19 11:04:54.148  INFO 3628 --- [http-nio-8080-exec-1] o.s.web.servlet.DispatcherServlet        : Initializing Servlet 'dispatcherServlet'
2026-07-19 11:04:54.148  INFO 3628 --- [http-nio-8080-exec-1] o.s.web.servlet.DispatcherServlet        : Completed initialization in 0 ms
2026-07-19 11:04:54.836 ERROR 3628 --- [http-nio-8080-exec-1] o.a.c.c.C.[.[.[/].[dispatcherServlet]    : Servlet.service() for servlet [dispatcherServlet] in context with path [] threw exception [Request processing failed; nested exception is org.springframework.data.redis.RedisConnectionFailureException: Unable to connect to Redis; nested exception is io.lettuce.core.RedisConnectionException: Unable to connect to localhost/<unresolved>:6379] with root cause

io.lettuce.core.RedisCommandExecutionException: NOAUTH Authentication required.
	at io.lettuce.core.internal.ExceptionFactory.createExecutionException(ExceptionFactory.java:147) ~[lettuce-core-6.1.8.RELEASE.jar:6.1.8.RELEASE]
	at io.lettuce.core.internal.ExceptionFactory.createExecutionException(ExceptionFactory.java:116) ~[lettuce-core-6.1.8.RELEASE.jar:6.1.8.RELEASE]
	at io.lettuce.core.protocol.AsyncCommand.completeResult(AsyncCommand.java:120) ~[lettuce-core-6.1.8.RELEASE.jar:6.1.8.RELEASE]
	at io.lettuce.core.protocol.AsyncCommand.complete(AsyncCommand.java:111) ~[lettuce-core-6.1.8.RELEASE.jar:6.1.8.RELEASE]
	at io.lettuce.core.protocol.CommandHandler.complete(CommandHandler.java:746) ~[lettuce-core-6.1.8.RELEASE.jar:6.1.8.RELEASE]
	at io.lettuce.core.protocol.CommandHandler.decode(CommandHandler.java:681) ~[lettuce-core-6.1.8.RELEASE.jar:6.1.8.RELEASE]
	at io.lettuce.core.protocol.CommandHandler.channelRead(CommandHandler.java:598) ~[lettuce-core-6.1.8.RELEASE.jar:6.1.8.RELEASE]
	at io.netty.channel.AbstractChannelHandlerContext.invokeChannelRead(AbstractChannelHandlerContext.java:379) ~[netty-transport-4.1.77.Final.jar:4.1.77.Final]
	at io.netty.channel.AbstractChannelHandlerContext.invokeChannelRead(AbstractChannelHandlerContext.java:365) ~[netty-transport-4.1.77.Final.jar:4.1.77.Final]
	at io.netty.channel.AbstractChannelHandlerContext.fireChannelRead(AbstractChannelHandlerContext.java:357) ~[netty-transport-4.1.77.Final.jar:4.1.77.Final]
	at io.netty.channel.DefaultChannelPipeline$HeadContext.channelRead(DefaultChannelPipeline.java:1410) ~[netty-transport-4.1.77.Final.jar:4.1.77.Final]
	at io.netty.channel.AbstractChannelHandlerContext.invokeChannelRead(AbstractChannelHandlerContext.java:379) ~[netty-transport-4.1.77.Final.jar:4.1.77.Final]
	at io.netty.channel.AbstractChannelHandlerContext.invokeChannelRead(AbstractChannelHandlerContext.java:365) ~[netty-transport-4.1.77.Final.jar:4.1.77.Final]
	at io.netty.channel.DefaultChannelPipeline.fireChannelRead(DefaultChannelPipeline.java:919) ~[netty-transport-4.1.77.Final.jar:4.1.77.Final]
	at io.netty.channel.nio.AbstractNioByteChannel$NioByteUnsafe.read(AbstractNioByteChannel.java:166) ~[netty-transport-4.1.77.Final.jar:4.1.77.Final]
	at io.netty.channel.nio.NioEventLoop.processSelectedKey(NioEventLoop.java:722) ~[netty-transport-4.1.77.Final.jar:4.1.77.Final]
	at io.netty.channel.nio.NioEventLoop.processSelectedKeysOptimized(NioEventLoop.java:658) ~[netty-transport-4.1.77.Final.jar:4.1.77.Final]
	at io.netty.channel.nio.NioEventLoop.processSelectedKeys(NioEventLoop.java:584) ~[netty-transport-4.1.77.Final.jar:4.1.77.Final]
	at io.netty.channel.nio.NioEventLoop.run(NioEventLoop.java:496) ~[netty-transport-4.1.77.Final.jar:4.1.77.Final]
	at io.netty.util.concurrent.SingleThreadEventExecutor$4.run(SingleThreadEventExecutor.java:995) ~[netty-common-4.1.77.Final.jar:4.1.77.Final]
	at io.netty.util.internal.ThreadExecutorMap$2.run(ThreadExecutorMap.java:74) ~[netty-common-4.1.77.Final.jar:4.1.77.Final]
	at io.netty.util.concurrent.FastThreadLocalRunnable.run(FastThreadLocalRunnable.java:30) ~[netty-common-4.1.77.Final.jar:4.1.77.Final]
	at java.base/java.lang.Thread.run(Thread.java:840) ~[na:na]

2026-07-19 11:09:14.911  INFO 21408 --- [main] com.mybatis.Application                  : Starting Application using Java 17.0.19 on LY with PID 21408 (D:\Program Files\JetBrains\IntelliJ IDEA 2026.1.3\Project\springboot-mybatis\target\classes started by 25022 in D:\Program Files\JetBrains\IntelliJ IDEA 2026.1.3\Project\springboot-mybatis)
2026-07-19 11:09:14.914  INFO 21408 --- [main] com.mybatis.Application                  : No active profile set, falling back to 1 default profile: "default"
2026-07-19 11:09:15.627  INFO 21408 --- [main] .s.d.r.c.RepositoryConfigurationDelegate : Multiple Spring Data modules found, entering strict repository configuration mode!
2026-07-19 11:09:15.630  INFO 21408 --- [main] .s.d.r.c.RepositoryConfigurationDelegate : Bootstrapping Spring Data Redis repositories in DEFAULT mode.
2026-07-19 11:09:15.659  INFO 21408 --- [main] .s.d.r.c.RepositoryConfigurationDelegate : Finished Spring Data repository scanning in 10 ms. Found 0 Redis repository interfaces.
2026-07-19 11:09:16.331  INFO 21408 --- [main] o.s.b.w.embedded.tomcat.TomcatWebServer  : Tomcat initialized with port(s): 8080 (http)
2026-07-19 11:09:16.349  INFO 21408 --- [main] o.apache.catalina.core.StandardService   : Starting service [Tomcat]
2026-07-19 11:09:16.349  INFO 21408 --- [main] org.apache.catalina.core.StandardEngine  : Starting Servlet engine: [Apache Tomcat/9.0.63]
2026-07-19 11:09:16.520  INFO 21408 --- [main] o.a.c.c.C.[Tomcat].[localhost].[/]       : Initializing Spring embedded WebApplicationContext
2026-07-19 11:09:16.521  INFO 21408 --- [main] w.s.c.ServletWebServerApplicationContext : Root WebApplicationContext: initialization completed in 1542 ms
2026-07-19 11:09:18.037  INFO 21408 --- [main] o.s.b.w.embedded.tomcat.TomcatWebServer  : Tomcat started on port(s): 8080 (http) with context path ''
2026-07-19 11:09:18.052  INFO 21408 --- [main] com.mybatis.Application                  : Started Application in 3.628 seconds (JVM running for 4.108)
2026-07-19 11:09:19.409  INFO 21408 --- [http-nio-8080-exec-1] o.a.c.c.C.[Tomcat].[localhost].[/]       : Initializing Spring DispatcherServlet 'dispatcherServlet'
2026-07-19 11:09:19.409  INFO 21408 --- [http-nio-8080-exec-1] o.s.web.servlet.DispatcherServlet        : Initializing Servlet 'dispatcherServlet'
2026-07-19 11:09:19.409  INFO 21408 --- [http-nio-8080-exec-1] o.s.web.servlet.DispatcherServlet        : Completed initialization in 0 ms
2026-07-19 11:09:20.034 ERROR 21408 --- [http-nio-8080-exec-1] o.a.c.c.C.[.[.[/].[dispatcherServlet]    : Servlet.service() for servlet [dispatcherServlet] in context with path [] threw exception [Request processing failed; nested exception is org.springframework.data.redis.RedisConnectionFailureException: Unable to connect to Redis; nested exception is io.lettuce.core.RedisConnectionException: Unable to connect to localhost/<unresolved>:6379] with root cause

io.lettuce.core.RedisCommandExecutionException: NOAUTH Authentication required.
	at io.lettuce.core.internal.ExceptionFactory.createExecutionException(ExceptionFactory.java:147) ~[lettuce-core-6.1.8.RELEASE.jar:6.1.8.RELEASE]
	at io.lettuce.core.internal.ExceptionFactory.createExecutionException(ExceptionFactory.java:116) ~[lettuce-core-6.1.8.RELEASE.jar:6.1.8.RELEASE]
	at io.lettuce.core.protocol.AsyncCommand.completeResult(AsyncCommand.java:120) ~[lettuce-core-6.1.8.RELEASE.jar:6.1.8.RELEASE]
	at io.lettuce.core.protocol.AsyncCommand.complete(AsyncCommand.java:111) ~[lettuce-core-6.1.8.RELEASE.jar:6.1.8.RELEASE]
	at io.lettuce.core.protocol.CommandHandler.complete(CommandHandler.java:746) ~[lettuce-core-6.1.8.RELEASE.jar:6.1.8.RELEASE]
	at io.lettuce.core.protocol.CommandHandler.decode(CommandHandler.java:681) ~[lettuce-core-6.1.8.RELEASE.jar:6.1.8.RELEASE]
	at io.lettuce.core.protocol.CommandHandler.channelRead(CommandHandler.java:598) ~[lettuce-core-6.1.8.RELEASE.jar:6.1.8.RELEASE]
	at io.netty.channel.AbstractChannelHandlerContext.invokeChannelRead(AbstractChannelHandlerContext.java:379) ~[netty-transport-4.1.77.Final.jar:4.1.77.Final]
	at io.netty.channel.AbstractChannelHandlerContext.invokeChannelRead(AbstractChannelHandlerContext.java:365) ~[netty-transport-4.1.77.Final.jar:4.1.77.Final]
	at io.netty.channel.AbstractChannelHandlerContext.fireChannelRead(AbstractChannelHandlerContext.java:357) ~[netty-transport-4.1.77.Final.jar:4.1.77.Final]
	at io.netty.channel.DefaultChannelPipeline$HeadContext.channelRead(DefaultChannelPipeline.java:1410) ~[netty-transport-4.1.77.Final.jar:4.1.77.Final]
	at io.netty.channel.AbstractChannelHandlerContext.invokeChannelRead(AbstractChannelHandlerContext.java:379) ~[netty-transport-4.1.77.Final.jar:4.1.77.Final]
	at io.netty.channel.AbstractChannelHandlerContext.invokeChannelRead(AbstractChannelHandlerContext.java:365) ~[netty-transport-4.1.77.Final.jar:4.1.77.Final]
	at io.netty.channel.DefaultChannelPipeline.fireChannelRead(DefaultChannelPipeline.java:919) ~[netty-transport-4.1.77.Final.jar:4.1.77.Final]
	at io.netty.channel.nio.AbstractNioByteChannel$NioByteUnsafe.read(AbstractNioByteChannel.java:166) ~[netty-transport-4.1.77.Final.jar:4.1.77.Final]
	at io.netty.channel.nio.NioEventLoop.processSelectedKey(NioEventLoop.java:722) ~[netty-transport-4.1.77.Final.jar:4.1.77.Final]
	at io.netty.channel.nio.NioEventLoop.processSelectedKeysOptimized(NioEventLoop.java:658) ~[netty-transport-4.1.77.Final.jar:4.1.77.Final]
	at io.netty.channel.nio.NioEventLoop.processSelectedKeys(NioEventLoop.java:584) ~[netty-transport-4.1.77.Final.jar:4.1.77.Final]
	at io.netty.channel.nio.NioEventLoop.run(NioEventLoop.java:496) ~[netty-transport-4.1.77.Final.jar:4.1.77.Final]
	at io.netty.util.concurrent.SingleThreadEventExecutor$4.run(SingleThreadEventExecutor.java:995) ~[netty-common-4.1.77.Final.jar:4.1.77.Final]
	at io.netty.util.internal.ThreadExecutorMap$2.run(ThreadExecutorMap.java:74) ~[netty-common-4.1.77.Final.jar:4.1.77.Final]
	at io.netty.util.concurrent.FastThreadLocalRunnable.run(FastThreadLocalRunnable.java:30) ~[netty-common-4.1.77.Final.jar:4.1.77.Final]
	at java.base/java.lang.Thread.run(Thread.java:840) ~[na:na]

2026-07-19 11:09:35.112 ERROR 21408 --- [http-nio-8080-exec-2] o.a.c.c.C.[.[.[/].[dispatcherServlet]    : Servlet.service() for servlet [dispatcherServlet] in context with path [] threw exception [Request processing failed; nested exception is org.springframework.data.redis.RedisConnectionFailureException: Unable to connect to Redis; nested exception is io.lettuce.core.RedisConnectionException: Unable to connect to localhost/<unresolved>:6379] with root cause

io.lettuce.core.RedisCommandExecutionException: NOAUTH Authentication required.
	at io.lettuce.core.internal.ExceptionFactory.createExecutionException(ExceptionFactory.java:147) ~[lettuce-core-6.1.8.RELEASE.jar:6.1.8.RELEASE]
	at io.lettuce.core.internal.ExceptionFactory.createExecutionException(ExceptionFactory.java:116) ~[lettuce-core-6.1.8.RELEASE.jar:6.1.8.RELEASE]
	at io.lettuce.core.protocol.AsyncCommand.completeResult(AsyncCommand.java:120) ~[lettuce-core-6.1.8.RELEASE.jar:6.1.8.RELEASE]
	at io.lettuce.core.protocol.AsyncCommand.complete(AsyncCommand.java:111) ~[lettuce-core-6.1.8.RELEASE.jar:6.1.8.RELEASE]
	at io.lettuce.core.protocol.CommandHandler.complete(CommandHandler.java:746) ~[lettuce-core-6.1.8.RELEASE.jar:6.1.8.RELEASE]
	at io.lettuce.core.protocol.CommandHandler.decode(CommandHandler.java:681) ~[lettuce-core-6.1.8.RELEASE.jar:6.1.8.RELEASE]
	at io.lettuce.core.protocol.CommandHandler.channelRead(CommandHandler.java:598) ~[lettuce-core-6.1.8.RELEASE.jar:6.1.8.RELEASE]
	at io.netty.channel.AbstractChannelHandlerContext.invokeChannelRead(AbstractChannelHandlerContext.java:379) ~[netty-transport-4.1.77.Final.jar:4.1.77.Final]
	at io.netty.channel.AbstractChannelHandlerContext.invokeChannelRead(AbstractChannelHandlerContext.java:365) ~[netty-transport-4.1.77.Final.jar:4.1.77.Final]
	at io.netty.channel.AbstractChannelHandlerContext.fireChannelRead(AbstractChannelHandlerContext.java:357) ~[netty-transport-4.1.77.Final.jar:4.1.77.Final]
	at io.netty.channel.DefaultChannelPipeline$HeadContext.channelRead(DefaultChannelPipeline.java:1410) ~[netty-transport-4.1.77.Final.jar:4.1.77.Final]
	at io.netty.channel.AbstractChannelHandlerContext.invokeChannelRead(AbstractChannelHandlerContext.java:379) ~[netty-transport-4.1.77.Final.jar:4.1.77.Final]
	at io.netty.channel.AbstractChannelHandlerContext.invokeChannelRead(AbstractChannelHandlerContext.java:365) ~[netty-transport-4.1.77.Final.jar:4.1.77.Final]
	at io.netty.channel.DefaultChannelPipeline.fireChannelRead(DefaultChannelPipeline.java:919) ~[netty-transport-4.1.77.Final.jar:4.1.77.Final]
	at io.netty.channel.nio.AbstractNioByteChannel$NioByteUnsafe.read(AbstractNioByteChannel.java:166) ~[netty-transport-4.1.77.Final.jar:4.1.77.Final]
	at io.netty.channel.nio.NioEventLoop.processSelectedKey(NioEventLoop.java:722) ~[netty-transport-4.1.77.Final.jar:4.1.77.Final]
	at io.netty.channel.nio.NioEventLoop.processSelectedKeysOptimized(NioEventLoop.java:658) ~[netty-transport-4.1.77.Final.jar:4.1.77.Final]
	at io.netty.channel.nio.NioEventLoop.processSelectedKeys(NioEventLoop.java:584) ~[netty-transport-4.1.77.Final.jar:4.1.77.Final]
	at io.netty.channel.nio.NioEventLoop.run(NioEventLoop.java:496) ~[netty-transport-4.1.77.Final.jar:4.1.77.Final]
	at io.netty.util.concurrent.SingleThreadEventExecutor$4.run(SingleThreadEventExecutor.java:995) ~[netty-common-4.1.77.Final.jar:4.1.77.Final]
	at io.netty.util.internal.ThreadExecutorMap$2.run(ThreadExecutorMap.java:74) ~[netty-common-4.1.77.Final.jar:4.1.77.Final]
	at io.netty.util.concurrent.FastThreadLocalRunnable.run(FastThreadLocalRunnable.java:30) ~[netty-common-4.1.77.Final.jar:4.1.77.Final]
	at java.base/java.lang.Thread.run(Thread.java:840) ~[na:na]

2026-07-19 11:10:29.177  INFO 11644 --- [main] com.mybatis.Application                  : Starting Application using Java 17.0.19 on LY with PID 11644 (D:\Program Files\JetBrains\IntelliJ IDEA 2026.1.3\Project\springboot-mybatis\target\classes started by 25022 in D:\Program Files\JetBrains\IntelliJ IDEA 2026.1.3\Project\springboot-mybatis)
2026-07-19 11:10:29.180  INFO 11644 --- [main] com.mybatis.Application                  : No active profile set, falling back to 1 default profile: "default"
2026-07-19 11:10:29.928  INFO 11644 --- [main] .s.d.r.c.RepositoryConfigurationDelegate : Multiple Spring Data modules found, entering strict repository configuration mode!
2026-07-19 11:10:29.932  INFO 11644 --- [main] .s.d.r.c.RepositoryConfigurationDelegate : Bootstrapping Spring Data Redis repositories in DEFAULT mode.
2026-07-19 11:10:29.958  INFO 11644 --- [main] .s.d.r.c.RepositoryConfigurationDelegate : Finished Spring Data repository scanning in 8 ms. Found 0 Redis repository interfaces.
2026-07-19 11:10:30.648  INFO 11644 --- [main] o.s.b.w.embedded.tomcat.TomcatWebServer  : Tomcat initialized with port(s): 8080 (http)
2026-07-19 11:10:30.659  INFO 11644 --- [main] o.apache.catalina.core.StandardService   : Starting service [Tomcat]
2026-07-19 11:10:30.660  INFO 11644 --- [main] org.apache.catalina.core.StandardEngine  : Starting Servlet engine: [Apache Tomcat/9.0.63]
2026-07-19 11:10:30.812  INFO 11644 --- [main] o.a.c.c.C.[Tomcat].[localhost].[/]       : Initializing Spring embedded WebApplicationContext
2026-07-19 11:10:30.812  INFO 11644 --- [main] w.s.c.ServletWebServerApplicationContext : Root WebApplicationContext: initialization completed in 1568 ms
2026-07-19 11:10:32.214  INFO 11644 --- [main] o.s.b.w.embedded.tomcat.TomcatWebServer  : Tomcat started on port(s): 8080 (http) with context path ''
2026-07-19 11:10:32.232  INFO 11644 --- [main] com.mybatis.Application                  : Started Application in 3.566 seconds (JVM running for 4.054)
2026-07-19 11:10:35.238  INFO 11644 --- [http-nio-8080-exec-1] o.a.c.c.C.[Tomcat].[localhost].[/]       : Initializing Spring DispatcherServlet 'dispatcherServlet'
2026-07-19 11:10:35.239  INFO 11644 --- [http-nio-8080-exec-1] o.s.web.servlet.DispatcherServlet        : Initializing Servlet 'dispatcherServlet'
2026-07-19 11:10:35.240  INFO 11644 --- [http-nio-8080-exec-1] o.s.web.servlet.DispatcherServlet        : Completed initialization in 1 ms
2026-07-19 11:10:35.865 ERROR 11644 --- [http-nio-8080-exec-1] o.a.c.c.C.[.[.[/].[dispatcherServlet]    : Servlet.service() for servlet [dispatcherServlet] in context with path [] threw exception [Request processing failed; nested exception is org.springframework.data.redis.RedisConnectionFailureException: Unable to connect to Redis; nested exception is io.lettuce.core.RedisConnectionException: Unable to connect to localhost/<unresolved>:6379] with root cause

io.lettuce.core.RedisCommandExecutionException: NOAUTH Authentication required.
	at io.lettuce.core.internal.ExceptionFactory.createExecutionException(ExceptionFactory.java:147) ~[lettuce-core-6.1.8.RELEASE.jar:6.1.8.RELEASE]
	at io.lettuce.core.internal.ExceptionFactory.createExecutionException(ExceptionFactory.java:116) ~[lettuce-core-6.1.8.RELEASE.jar:6.1.8.RELEASE]
	at io.lettuce.core.protocol.AsyncCommand.completeResult(AsyncCommand.java:120) ~[lettuce-core-6.1.8.RELEASE.jar:6.1.8.RELEASE]
	at io.lettuce.core.protocol.AsyncCommand.complete(AsyncCommand.java:111) ~[lettuce-core-6.1.8.RELEASE.jar:6.1.8.RELEASE]
	at io.lettuce.core.protocol.CommandHandler.complete(CommandHandler.java:746) ~[lettuce-core-6.1.8.RELEASE.jar:6.1.8.RELEASE]
	at io.lettuce.core.protocol.CommandHandler.decode(CommandHandler.java:681) ~[lettuce-core-6.1.8.RELEASE.jar:6.1.8.RELEASE]
	at io.lettuce.core.protocol.CommandHandler.channelRead(CommandHandler.java:598) ~[lettuce-core-6.1.8.RELEASE.jar:6.1.8.RELEASE]
	at io.netty.channel.AbstractChannelHandlerContext.invokeChannelRead(AbstractChannelHandlerContext.java:379) ~[netty-transport-4.1.77.Final.jar:4.1.77.Final]
	at io.netty.channel.AbstractChannelHandlerContext.invokeChannelRead(AbstractChannelHandlerContext.java:365) ~[netty-transport-4.1.77.Final.jar:4.1.77.Final]
	at io.netty.channel.AbstractChannelHandlerContext.fireChannelRead(AbstractChannelHandlerContext.java:357) ~[netty-transport-4.1.77.Final.jar:4.1.77.Final]
	at io.netty.channel.DefaultChannelPipeline$HeadContext.channelRead(DefaultChannelPipeline.java:1410) ~[netty-transport-4.1.77.Final.jar:4.1.77.Final]
	at io.netty.channel.AbstractChannelHandlerContext.invokeChannelRead(AbstractChannelHandlerContext.java:379) ~[netty-transport-4.1.77.Final.jar:4.1.77.Final]
	at io.netty.channel.AbstractChannelHandlerContext.invokeChannelRead(AbstractChannelHandlerContext.java:365) ~[netty-transport-4.1.77.Final.jar:4.1.77.Final]
	at io.netty.channel.DefaultChannelPipeline.fireChannelRead(DefaultChannelPipeline.java:919) ~[netty-transport-4.1.77.Final.jar:4.1.77.Final]
	at io.netty.channel.nio.AbstractNioByteChannel$NioByteUnsafe.read(AbstractNioByteChannel.java:166) ~[netty-transport-4.1.77.Final.jar:4.1.77.Final]
	at io.netty.channel.nio.NioEventLoop.processSelectedKey(NioEventLoop.java:722) ~[netty-transport-4.1.77.Final.jar:4.1.77.Final]
	at io.netty.channel.nio.NioEventLoop.processSelectedKeysOptimized(NioEventLoop.java:658) ~[netty-transport-4.1.77.Final.jar:4.1.77.Final]
	at io.netty.channel.nio.NioEventLoop.processSelectedKeys(NioEventLoop.java:584) ~[netty-transport-4.1.77.Final.jar:4.1.77.Final]
	at io.netty.channel.nio.NioEventLoop.run(NioEventLoop.java:496) ~[netty-transport-4.1.77.Final.jar:4.1.77.Final]
	at io.netty.util.concurrent.SingleThreadEventExecutor$4.run(SingleThreadEventExecutor.java:995) ~[netty-common-4.1.77.Final.jar:4.1.77.Final]
	at io.netty.util.internal.ThreadExecutorMap$2.run(ThreadExecutorMap.java:74) ~[netty-common-4.1.77.Final.jar:4.1.77.Final]
	at io.netty.util.concurrent.FastThreadLocalRunnable.run(FastThreadLocalRunnable.java:30) ~[netty-common-4.1.77.Final.jar:4.1.77.Final]
	at java.base/java.lang.Thread.run(Thread.java:840) ~[na:na]

2026-07-19 11:10:37.989 ERROR 11644 --- [http-nio-8080-exec-2] o.a.c.c.C.[.[.[/].[dispatcherServlet]    : Servlet.service() for servlet [dispatcherServlet] in context with path [] threw exception [Request processing failed; nested exception is org.springframework.data.redis.RedisConnectionFailureException: Unable to connect to Redis; nested exception is io.lettuce.core.RedisConnectionException: Unable to connect to localhost/<unresolved>:6379] with root cause

io.lettuce.core.RedisCommandExecutionException: NOAUTH Authentication required.
	at io.lettuce.core.internal.ExceptionFactory.createExecutionException(ExceptionFactory.java:147) ~[lettuce-core-6.1.8.RELEASE.jar:6.1.8.RELEASE]
	at io.lettuce.core.internal.ExceptionFactory.createExecutionException(ExceptionFactory.java:116) ~[lettuce-core-6.1.8.RELEASE.jar:6.1.8.RELEASE]
	at io.lettuce.core.protocol.AsyncCommand.completeResult(AsyncCommand.java:120) ~[lettuce-core-6.1.8.RELEASE.jar:6.1.8.RELEASE]
	at io.lettuce.core.protocol.AsyncCommand.complete(AsyncCommand.java:111) ~[lettuce-core-6.1.8.RELEASE.jar:6.1.8.RELEASE]
	at io.lettuce.core.protocol.CommandHandler.complete(CommandHandler.java:746) ~[lettuce-core-6.1.8.RELEASE.jar:6.1.8.RELEASE]
	at io.lettuce.core.protocol.CommandHandler.decode(CommandHandler.java:681) ~[lettuce-core-6.1.8.RELEASE.jar:6.1.8.RELEASE]
	at io.lettuce.core.protocol.CommandHandler.channelRead(CommandHandler.java:598) ~[lettuce-core-6.1.8.RELEASE.jar:6.1.8.RELEASE]
	at io.netty.channel.AbstractChannelHandlerContext.invokeChannelRead(AbstractChannelHandlerContext.java:379) ~[netty-transport-4.1.77.Final.jar:4.1.77.Final]
	at io.netty.channel.AbstractChannelHandlerContext.invokeChannelRead(AbstractChannelHandlerContext.java:365) ~[netty-transport-4.1.77.Final.jar:4.1.77.Final]
	at io.netty.channel.AbstractChannelHandlerContext.fireChannelRead(AbstractChannelHandlerContext.java:357) ~[netty-transport-4.1.77.Final.jar:4.1.77.Final]
	at io.netty.channel.DefaultChannelPipeline$HeadContext.channelRead(DefaultChannelPipeline.java:1410) ~[netty-transport-4.1.77.Final.jar:4.1.77.Final]
	at io.netty.channel.AbstractChannelHandlerContext.invokeChannelRead(AbstractChannelHandlerContext.java:379) ~[netty-transport-4.1.77.Final.jar:4.1.77.Final]
	at io.netty.channel.AbstractChannelHandlerContext.invokeChannelRead(AbstractChannelHandlerContext.java:365) ~[netty-transport-4.1.77.Final.jar:4.1.77.Final]
	at io.netty.channel.DefaultChannelPipeline.fireChannelRead(DefaultChannelPipeline.java:919) ~[netty-transport-4.1.77.Final.jar:4.1.77.Final]
	at io.netty.channel.nio.AbstractNioByteChannel$NioByteUnsafe.read(AbstractNioByteChannel.java:166) ~[netty-transport-4.1.77.Final.jar:4.1.77.Final]
	at io.netty.channel.nio.NioEventLoop.processSelectedKey(NioEventLoop.java:722) ~[netty-transport-4.1.77.Final.jar:4.1.77.Final]
	at io.netty.channel.nio.NioEventLoop.processSelectedKeysOptimized(NioEventLoop.java:658) ~[netty-transport-4.1.77.Final.jar:4.1.77.Final]
	at io.netty.channel.nio.NioEventLoop.processSelectedKeys(NioEventLoop.java:584) ~[netty-transport-4.1.77.Final.jar:4.1.77.Final]
	at io.netty.channel.nio.NioEventLoop.run(NioEventLoop.java:496) ~[netty-transport-4.1.77.Final.jar:4.1.77.Final]
	at io.netty.util.concurrent.SingleThreadEventExecutor$4.run(SingleThreadEventExecutor.java:995) ~[netty-common-4.1.77.Final.jar:4.1.77.Final]
	at io.netty.util.internal.ThreadExecutorMap$2.run(ThreadExecutorMap.java:74) ~[netty-common-4.1.77.Final.jar:4.1.77.Final]
	at io.netty.util.concurrent.FastThreadLocalRunnable.run(FastThreadLocalRunnable.java:30) ~[netty-common-4.1.77.Final.jar:4.1.77.Final]
	at java.base/java.lang.Thread.run(Thread.java:840) ~[na:na]

2026-07-19 13:13:22.376  INFO 14020 --- [main] com.mybatis.Application                  : Starting Application using Java 17.0.19 on LY with PID 14020 (D:\Program Files\JetBrains\IntelliJ IDEA 2026.1.3\Project\springboot-mybatis\target\classes started by 25022 in D:\Program Files\JetBrains\IntelliJ IDEA 2026.1.3\Project\springboot-mybatis)
2026-07-19 13:13:22.380  INFO 14020 --- [main] com.mybatis.Application                  : No active profile set, falling back to 1 default profile: "default"
2026-07-19 13:13:23.031  INFO 14020 --- [main] .s.d.r.c.RepositoryConfigurationDelegate : Multiple Spring Data modules found, entering strict repository configuration mode!
2026-07-19 13:13:23.034  INFO 14020 --- [main] .s.d.r.c.RepositoryConfigurationDelegate : Bootstrapping Spring Data Redis repositories in DEFAULT mode.
2026-07-19 13:13:23.062  INFO 14020 --- [main] .s.d.r.c.RepositoryConfigurationDelegate : Finished Spring Data repository scanning in 11 ms. Found 0 Redis repository interfaces.
2026-07-19 13:13:23.697  INFO 14020 --- [main] o.s.b.w.embedded.tomcat.TomcatWebServer  : Tomcat initialized with port(s): 8080 (http)
2026-07-19 13:13:23.708  INFO 14020 --- [main] o.apache.catalina.core.StandardService   : Starting service [Tomcat]
2026-07-19 13:13:23.708  INFO 14020 --- [main] org.apache.catalina.core.StandardEngine  : Starting Servlet engine: [Apache Tomcat/9.0.63]
2026-07-19 13:13:23.856  INFO 14020 --- [main] o.a.c.c.C.[Tomcat].[localhost].[/]       : Initializing Spring embedded WebApplicationContext
2026-07-19 13:13:23.857  INFO 14020 --- [main] w.s.c.ServletWebServerApplicationContext : Root WebApplicationContext: initialization completed in 1418 ms
2026-07-19 13:13:24.722  INFO 14020 --- [main] o.s.b.w.embedded.tomcat.TomcatWebServer  : Tomcat started on port(s): 8080 (http) with context path ''
2026-07-19 13:13:24.733  INFO 14020 --- [main] com.mybatis.Application                  : Started Application in 2.87 seconds (JVM running for 3.538)
2026-07-19 13:13:58.302  INFO 14020 --- [http-nio-8080-exec-1] o.a.c.c.C.[Tomcat].[localhost].[/]       : Initializing Spring DispatcherServlet 'dispatcherServlet'
2026-07-19 13:13:58.302  INFO 14020 --- [http-nio-8080-exec-1] o.s.web.servlet.DispatcherServlet        : Initializing Servlet 'dispatcherServlet'
2026-07-19 13:13:58.304  INFO 14020 --- [http-nio-8080-exec-1] o.s.web.servlet.DispatcherServlet        : Completed initialization in 1 ms
2026-07-19 13:13:58.873 ERROR 14020 --- [http-nio-8080-exec-1] o.a.c.c.C.[.[.[/].[dispatcherServlet]    : Servlet.service() for servlet [dispatcherServlet] in context with path [] threw exception [Request processing failed; nested exception is org.springframework.data.redis.RedisConnectionFailureException: Unable to connect to Redis; nested exception is io.lettuce.core.RedisConnectionException: Unable to connect to localhost/<unresolved>:6379] with root cause

io.lettuce.core.RedisCommandExecutionException: NOAUTH Authentication required.
	at io.lettuce.core.internal.ExceptionFactory.createExecutionException(ExceptionFactory.java:147) ~[lettuce-core-6.1.8.RELEASE.jar:6.1.8.RELEASE]
	at io.lettuce.core.internal.ExceptionFactory.createExecutionException(ExceptionFactory.java:116) ~[lettuce-core-6.1.8.RELEASE.jar:6.1.8.RELEASE]
	at io.lettuce.core.protocol.AsyncCommand.completeResult(AsyncCommand.java:120) ~[lettuce-core-6.1.8.RELEASE.jar:6.1.8.RELEASE]
	at io.lettuce.core.protocol.AsyncCommand.complete(AsyncCommand.java:111) ~[lettuce-core-6.1.8.RELEASE.jar:6.1.8.RELEASE]
	at io.lettuce.core.protocol.CommandHandler.complete(CommandHandler.java:746) ~[lettuce-core-6.1.8.RELEASE.jar:6.1.8.RELEASE]
	at io.lettuce.core.protocol.CommandHandler.decode(CommandHandler.java:681) ~[lettuce-core-6.1.8.RELEASE.jar:6.1.8.RELEASE]
	at io.lettuce.core.protocol.CommandHandler.channelRead(CommandHandler.java:598) ~[lettuce-core-6.1.8.RELEASE.jar:6.1.8.RELEASE]
	at io.netty.channel.AbstractChannelHandlerContext.invokeChannelRead(AbstractChannelHandlerContext.java:379) ~[netty-transport-4.1.77.Final.jar:4.1.77.Final]
	at io.netty.channel.AbstractChannelHandlerContext.invokeChannelRead(AbstractChannelHandlerContext.java:365) ~[netty-transport-4.1.77.Final.jar:4.1.77.Final]
	at io.netty.channel.AbstractChannelHandlerContext.fireChannelRead(AbstractChannelHandlerContext.java:357) ~[netty-transport-4.1.77.Final.jar:4.1.77.Final]
	at io.netty.channel.DefaultChannelPipeline$HeadContext.channelRead(DefaultChannelPipeline.java:1410) ~[netty-transport-4.1.77.Final.jar:4.1.77.Final]
	at io.netty.channel.AbstractChannelHandlerContext.invokeChannelRead(AbstractChannelHandlerContext.java:379) ~[netty-transport-4.1.77.Final.jar:4.1.77.Final]
	at io.netty.channel.AbstractChannelHandlerContext.invokeChannelRead(AbstractChannelHandlerContext.java:365) ~[netty-transport-4.1.77.Final.jar:4.1.77.Final]
	at io.netty.channel.DefaultChannelPipeline.fireChannelRead(DefaultChannelPipeline.java:919) ~[netty-transport-4.1.77.Final.jar:4.1.77.Final]
	at io.netty.channel.nio.AbstractNioByteChannel$NioByteUnsafe.read(AbstractNioByteChannel.java:166) ~[netty-transport-4.1.77.Final.jar:4.1.77.Final]
	at io.netty.channel.nio.NioEventLoop.processSelectedKey(NioEventLoop.java:722) ~[netty-transport-4.1.77.Final.jar:4.1.77.Final]
	at io.netty.channel.nio.NioEventLoop.processSelectedKeysOptimized(NioEventLoop.java:658) ~[netty-transport-4.1.77.Final.jar:4.1.77.Final]
	at io.netty.channel.nio.NioEventLoop.processSelectedKeys(NioEventLoop.java:584) ~[netty-transport-4.1.77.Final.jar:4.1.77.Final]
	at io.netty.channel.nio.NioEventLoop.run(NioEventLoop.java:496) ~[netty-transport-4.1.77.Final.jar:4.1.77.Final]
	at io.netty.util.concurrent.SingleThreadEventExecutor$4.run(SingleThreadEventExecutor.java:995) ~[netty-common-4.1.77.Final.jar:4.1.77.Final]
	at io.netty.util.internal.ThreadExecutorMap$2.run(ThreadExecutorMap.java:74) ~[netty-common-4.1.77.Final.jar:4.1.77.Final]
	at io.netty.util.concurrent.FastThreadLocalRunnable.run(FastThreadLocalRunnable.java:30) ~[netty-common-4.1.77.Final.jar:4.1.77.Final]
	at java.base/java.lang.Thread.run(Thread.java:840) ~[na:na]

2026-07-19 13:15:28.439  INFO 24444 --- [main] com.mybatis.Application                  : Starting Application using Java 17.0.19 on LY with PID 24444 (D:\Program Files\JetBrains\IntelliJ IDEA 2026.1.3\Project\springboot-mybatis\target\classes started by 25022 in D:\Program Files\JetBrains\IntelliJ IDEA 2026.1.3\Project\springboot-mybatis)
2026-07-19 13:15:28.441  INFO 24444 --- [main] com.mybatis.Application                  : No active profile set, falling back to 1 default profile: "default"
2026-07-19 13:15:28.983  INFO 24444 --- [main] .s.d.r.c.RepositoryConfigurationDelegate : Multiple Spring Data modules found, entering strict repository configuration mode!
2026-07-19 13:15:28.985  INFO 24444 --- [main] .s.d.r.c.RepositoryConfigurationDelegate : Bootstrapping Spring Data Redis repositories in DEFAULT mode.
2026-07-19 13:15:29.005  INFO 24444 --- [main] .s.d.r.c.RepositoryConfigurationDelegate : Finished Spring Data repository scanning in 7 ms. Found 0 Redis repository interfaces.
2026-07-19 13:15:29.531  INFO 24444 --- [main] o.s.b.w.embedded.tomcat.TomcatWebServer  : Tomcat initialized with port(s): 8080 (http)
2026-07-19 13:15:29.539  INFO 24444 --- [main] o.apache.catalina.core.StandardService   : Starting service [Tomcat]
2026-07-19 13:15:29.539  INFO 24444 --- [main] org.apache.catalina.core.StandardEngine  : Starting Servlet engine: [Apache Tomcat/9.0.63]
2026-07-19 13:15:29.679  INFO 24444 --- [main] o.a.c.c.C.[Tomcat].[localhost].[/]       : Initializing Spring embedded WebApplicationContext
2026-07-19 13:15:29.679  INFO 24444 --- [main] w.s.c.ServletWebServerApplicationContext : Root WebApplicationContext: initialization completed in 1192 ms
2026-07-19 13:15:30.529  INFO 24444 --- [main] o.s.b.w.embedded.tomcat.TomcatWebServer  : Tomcat started on port(s): 8080 (http) with context path ''
2026-07-19 13:15:30.540  INFO 24444 --- [main] com.mybatis.Application                  : Started Application in 2.475 seconds (JVM running for 3.1)
2026-07-19 13:15:33.869  INFO 24444 --- [http-nio-8080-exec-1] o.a.c.c.C.[Tomcat].[localhost].[/]       : Initializing Spring DispatcherServlet 'dispatcherServlet'
2026-07-19 13:15:33.869  INFO 24444 --- [http-nio-8080-exec-1] o.s.web.servlet.DispatcherServlet        : Initializing Servlet 'dispatcherServlet'
2026-07-19 13:15:33.870  INFO 24444 --- [http-nio-8080-exec-1] o.s.web.servlet.DispatcherServlet        : Completed initialization in 1 ms
2026-07-19 13:15:34.451 ERROR 24444 --- [http-nio-8080-exec-1] o.a.c.c.C.[.[.[/].[dispatcherServlet]    : Servlet.service() for servlet [dispatcherServlet] in context with path [] threw exception [Request processing failed; nested exception is org.springframework.data.redis.RedisConnectionFailureException: Unable to connect to Redis; nested exception is io.lettuce.core.RedisConnectionException: Unable to connect to localhost/<unresolved>:6379] with root cause

io.lettuce.core.RedisCommandExecutionException: NOAUTH Authentication required.
	at io.lettuce.core.internal.ExceptionFactory.createExecutionException(ExceptionFactory.java:147) ~[lettuce-core-6.1.8.RELEASE.jar:6.1.8.RELEASE]
	at io.lettuce.core.internal.ExceptionFactory.createExecutionException(ExceptionFactory.java:116) ~[lettuce-core-6.1.8.RELEASE.jar:6.1.8.RELEASE]
	at io.lettuce.core.protocol.AsyncCommand.completeResult(AsyncCommand.java:120) ~[lettuce-core-6.1.8.RELEASE.jar:6.1.8.RELEASE]
	at io.lettuce.core.protocol.AsyncCommand.complete(AsyncCommand.java:111) ~[lettuce-core-6.1.8.RELEASE.jar:6.1.8.RELEASE]
	at io.lettuce.core.protocol.CommandHandler.complete(CommandHandler.java:746) ~[lettuce-core-6.1.8.RELEASE.jar:6.1.8.RELEASE]
	at io.lettuce.core.protocol.CommandHandler.decode(CommandHandler.java:681) ~[lettuce-core-6.1.8.RELEASE.jar:6.1.8.RELEASE]
	at io.lettuce.core.protocol.CommandHandler.channelRead(CommandHandler.java:598) ~[lettuce-core-6.1.8.RELEASE.jar:6.1.8.RELEASE]
	at io.netty.channel.AbstractChannelHandlerContext.invokeChannelRead(AbstractChannelHandlerContext.java:379) ~[netty-transport-4.1.77.Final.jar:4.1.77.Final]
	at io.netty.channel.AbstractChannelHandlerContext.invokeChannelRead(AbstractChannelHandlerContext.java:365) ~[netty-transport-4.1.77.Final.jar:4.1.77.Final]
	at io.netty.channel.AbstractChannelHandlerContext.fireChannelRead(AbstractChannelHandlerContext.java:357) ~[netty-transport-4.1.77.Final.jar:4.1.77.Final]
	at io.netty.channel.DefaultChannelPipeline$HeadContext.channelRead(DefaultChannelPipeline.java:1410) ~[netty-transport-4.1.77.Final.jar:4.1.77.Final]
	at io.netty.channel.AbstractChannelHandlerContext.invokeChannelRead(AbstractChannelHandlerContext.java:379) ~[netty-transport-4.1.77.Final.jar:4.1.77.Final]
	at io.netty.channel.AbstractChannelHandlerContext.invokeChannelRead(AbstractChannelHandlerContext.java:365) ~[netty-transport-4.1.77.Final.jar:4.1.77.Final]
	at io.netty.channel.DefaultChannelPipeline.fireChannelRead(DefaultChannelPipeline.java:919) ~[netty-transport-4.1.77.Final.jar:4.1.77.Final]
	at io.netty.channel.nio.AbstractNioByteChannel$NioByteUnsafe.read(AbstractNioByteChannel.java:166) ~[netty-transport-4.1.77.Final.jar:4.1.77.Final]
	at io.netty.channel.nio.NioEventLoop.processSelectedKey(NioEventLoop.java:722) ~[netty-transport-4.1.77.Final.jar:4.1.77.Final]
	at io.netty.channel.nio.NioEventLoop.processSelectedKeysOptimized(NioEventLoop.java:658) ~[netty-transport-4.1.77.Final.jar:4.1.77.Final]
	at io.netty.channel.nio.NioEventLoop.processSelectedKeys(NioEventLoop.java:584) ~[netty-transport-4.1.77.Final.jar:4.1.77.Final]
	at io.netty.channel.nio.NioEventLoop.run(NioEventLoop.java:496) ~[netty-transport-4.1.77.Final.jar:4.1.77.Final]
	at io.netty.util.concurrent.SingleThreadEventExecutor$4.run(SingleThreadEventExecutor.java:995) ~[netty-common-4.1.77.Final.jar:4.1.77.Final]
	at io.netty.util.internal.ThreadExecutorMap$2.run(ThreadExecutorMap.java:74) ~[netty-common-4.1.77.Final.jar:4.1.77.Final]
	at io.netty.util.concurrent.FastThreadLocalRunnable.run(FastThreadLocalRunnable.java:30) ~[netty-common-4.1.77.Final.jar:4.1.77.Final]
	at java.base/java.lang.Thread.run(Thread.java:840) ~[na:na]

2026-07-19 13:29:35.465  INFO 12264 --- [main] com.mybatis.Application                  : Starting Application using Java 17.0.19 on LY with PID 12264 (D:\Program Files\JetBrains\IntelliJ IDEA 2026.1.3\Project\springboot-mybatis\target\classes started by 25022 in D:\Program Files\JetBrains\IntelliJ IDEA 2026.1.3\Project\springboot-mybatis)
2026-07-19 13:29:35.473  INFO 12264 --- [main] com.mybatis.Application                  : No active profile set, falling back to 1 default profile: "default"
2026-07-19 13:29:36.172  INFO 12264 --- [main] .s.d.r.c.RepositoryConfigurationDelegate : Multiple Spring Data modules found, entering strict repository configuration mode!
2026-07-19 13:29:36.175  INFO 12264 --- [main] .s.d.r.c.RepositoryConfigurationDelegate : Bootstrapping Spring Data Redis repositories in DEFAULT mode.
2026-07-19 13:29:36.201  INFO 12264 --- [main] .s.d.r.c.RepositoryConfigurationDelegate : Finished Spring Data repository scanning in 9 ms. Found 0 Redis repository interfaces.
2026-07-19 13:29:36.889  INFO 12264 --- [main] o.s.b.w.embedded.tomcat.TomcatWebServer  : Tomcat initialized with port(s): 8080 (http)
2026-07-19 13:29:36.906  INFO 12264 --- [main] o.apache.catalina.core.StandardService   : Starting service [Tomcat]
2026-07-19 13:29:36.907  INFO 12264 --- [main] org.apache.catalina.core.StandardEngine  : Starting Servlet engine: [Apache Tomcat/9.0.63]
2026-07-19 13:29:37.069  INFO 12264 --- [main] o.a.c.c.C.[Tomcat].[localhost].[/]       : Initializing Spring embedded WebApplicationContext
2026-07-19 13:29:37.070  INFO 12264 --- [main] w.s.c.ServletWebServerApplicationContext : Root WebApplicationContext: initialization completed in 1536 ms
2026-07-19 13:29:38.628  INFO 12264 --- [main] o.s.b.w.embedded.tomcat.TomcatWebServer  : Tomcat started on port(s): 8080 (http) with context path ''
2026-07-19 13:29:38.646  INFO 12264 --- [main] com.mybatis.Application                  : Started Application in 3.662 seconds (JVM running for 4.155)
2026-07-19 13:29:54.379  INFO 12264 --- [http-nio-8080-exec-1] o.a.c.c.C.[Tomcat].[localhost].[/]       : Initializing Spring DispatcherServlet 'dispatcherServlet'
2026-07-19 13:29:54.379  INFO 12264 --- [http-nio-8080-exec-1] o.s.web.servlet.DispatcherServlet        : Initializing Servlet 'dispatcherServlet'
2026-07-19 13:29:54.380  INFO 12264 --- [http-nio-8080-exec-1] o.s.web.servlet.DispatcherServlet        : Completed initialization in 1 ms
2026-07-19 13:29:55.020 ERROR 12264 --- [http-nio-8080-exec-1] o.a.c.c.C.[.[.[/].[dispatcherServlet]    : Servlet.service() for servlet [dispatcherServlet] in context with path [] threw exception [Request processing failed; nested exception is org.springframework.data.redis.RedisConnectionFailureException: Unable to connect to Redis; nested exception is io.lettuce.core.RedisConnectionException: Unable to connect to localhost/<unresolved>:6379] with root cause

io.lettuce.core.RedisCommandExecutionException: NOAUTH Authentication required.
	at io.lettuce.core.internal.ExceptionFactory.createExecutionException(ExceptionFactory.java:147) ~[lettuce-core-6.1.8.RELEASE.jar:6.1.8.RELEASE]
	at io.lettuce.core.internal.ExceptionFactory.createExecutionException(ExceptionFactory.java:116) ~[lettuce-core-6.1.8.RELEASE.jar:6.1.8.RELEASE]
	at io.lettuce.core.protocol.AsyncCommand.completeResult(AsyncCommand.java:120) ~[lettuce-core-6.1.8.RELEASE.jar:6.1.8.RELEASE]
	at io.lettuce.core.protocol.AsyncCommand.complete(AsyncCommand.java:111) ~[lettuce-core-6.1.8.RELEASE.jar:6.1.8.RELEASE]
	at io.lettuce.core.protocol.CommandHandler.complete(CommandHandler.java:746) ~[lettuce-core-6.1.8.RELEASE.jar:6.1.8.RELEASE]
	at io.lettuce.core.protocol.CommandHandler.decode(CommandHandler.java:681) ~[lettuce-core-6.1.8.RELEASE.jar:6.1.8.RELEASE]
	at io.lettuce.core.protocol.CommandHandler.channelRead(CommandHandler.java:598) ~[lettuce-core-6.1.8.RELEASE.jar:6.1.8.RELEASE]
	at io.netty.channel.AbstractChannelHandlerContext.invokeChannelRead(AbstractChannelHandlerContext.java:379) ~[netty-transport-4.1.77.Final.jar:4.1.77.Final]
	at io.netty.channel.AbstractChannelHandlerContext.invokeChannelRead(AbstractChannelHandlerContext.java:365) ~[netty-transport-4.1.77.Final.jar:4.1.77.Final]
	at io.netty.channel.AbstractChannelHandlerContext.fireChannelRead(AbstractChannelHandlerContext.java:357) ~[netty-transport-4.1.77.Final.jar:4.1.77.Final]
	at io.netty.channel.DefaultChannelPipeline$HeadContext.channelRead(DefaultChannelPipeline.java:1410) ~[netty-transport-4.1.77.Final.jar:4.1.77.Final]
	at io.netty.channel.AbstractChannelHandlerContext.invokeChannelRead(AbstractChannelHandlerContext.java:379) ~[netty-transport-4.1.77.Final.jar:4.1.77.Final]
	at io.netty.channel.AbstractChannelHandlerContext.invokeChannelRead(AbstractChannelHandlerContext.java:365) ~[netty-transport-4.1.77.Final.jar:4.1.77.Final]
	at io.netty.channel.DefaultChannelPipeline.fireChannelRead(DefaultChannelPipeline.java:919) ~[netty-transport-4.1.77.Final.jar:4.1.77.Final]
	at io.netty.channel.nio.AbstractNioByteChannel$NioByteUnsafe.read(AbstractNioByteChannel.java:166) ~[netty-transport-4.1.77.Final.jar:4.1.77.Final]
	at io.netty.channel.nio.NioEventLoop.processSelectedKey(NioEventLoop.java:722) ~[netty-transport-4.1.77.Final.jar:4.1.77.Final]
	at io.netty.channel.nio.NioEventLoop.processSelectedKeysOptimized(NioEventLoop.java:658) ~[netty-transport-4.1.77.Final.jar:4.1.77.Final]
	at io.netty.channel.nio.NioEventLoop.processSelectedKeys(NioEventLoop.java:584) ~[netty-transport-4.1.77.Final.jar:4.1.77.Final]
	at io.netty.channel.nio.NioEventLoop.run(NioEventLoop.java:496) ~[netty-transport-4.1.77.Final.jar:4.1.77.Final]
	at io.netty.util.concurrent.SingleThreadEventExecutor$4.run(SingleThreadEventExecutor.java:995) ~[netty-common-4.1.77.Final.jar:4.1.77.Final]
	at io.netty.util.internal.ThreadExecutorMap$2.run(ThreadExecutorMap.java:74) ~[netty-common-4.1.77.Final.jar:4.1.77.Final]
	at io.netty.util.concurrent.FastThreadLocalRunnable.run(FastThreadLocalRunnable.java:30) ~[netty-common-4.1.77.Final.jar:4.1.77.Final]
	at java.base/java.lang.Thread.run(Thread.java:840) ~[na:na]

2026-07-19 13:35:26.940  INFO 26776 --- [main] com.mybatis.Application                  : Starting Application using Java 17.0.19 on LY with PID 26776 (D:\Program Files\JetBrains\IntelliJ IDEA 2026.1.3\Project\springboot-mybatis\target\classes started by 25022 in D:\Program Files\JetBrains\IntelliJ IDEA 2026.1.3\Project\springboot-mybatis)
2026-07-19 13:35:26.944  INFO 26776 --- [main] com.mybatis.Application                  : No active profile set, falling back to 1 default profile: "default"
2026-07-19 13:35:27.742  INFO 26776 --- [main] .s.d.r.c.RepositoryConfigurationDelegate : Multiple Spring Data modules found, entering strict repository configuration mode!
2026-07-19 13:35:27.745  INFO 26776 --- [main] .s.d.r.c.RepositoryConfigurationDelegate : Bootstrapping Spring Data Redis repositories in DEFAULT mode.
2026-07-19 13:35:27.783  INFO 26776 --- [main] .s.d.r.c.RepositoryConfigurationDelegate : Finished Spring Data repository scanning in 12 ms. Found 0 Redis repository interfaces.
2026-07-19 13:35:28.491  INFO 26776 --- [main] o.s.b.w.embedded.tomcat.TomcatWebServer  : Tomcat initialized with port(s): 8080 (http)
2026-07-19 13:35:28.507  INFO 26776 --- [main] o.apache.catalina.core.StandardService   : Starting service [Tomcat]
2026-07-19 13:35:28.508  INFO 26776 --- [main] org.apache.catalina.core.StandardEngine  : Starting Servlet engine: [Apache Tomcat/9.0.63]
2026-07-19 13:35:28.663  INFO 26776 --- [main] o.a.c.c.C.[Tomcat].[localhost].[/]       : Initializing Spring embedded WebApplicationContext
2026-07-19 13:35:28.663  INFO 26776 --- [main] w.s.c.ServletWebServerApplicationContext : Root WebApplicationContext: initialization completed in 1645 ms
2026-07-19 13:35:30.116  INFO 26776 --- [main] o.s.b.w.embedded.tomcat.TomcatWebServer  : Tomcat started on port(s): 8080 (http) with context path ''
2026-07-19 13:35:30.134  INFO 26776 --- [main] com.mybatis.Application                  : Started Application in 3.704 seconds (JVM running for 4.186)
2026-07-19 13:35:39.820  INFO 26776 --- [http-nio-8080-exec-1] o.a.c.c.C.[Tomcat].[localhost].[/]       : Initializing Spring DispatcherServlet 'dispatcherServlet'
2026-07-19 13:35:39.822  INFO 26776 --- [http-nio-8080-exec-1] o.s.web.servlet.DispatcherServlet        : Initializing Servlet 'dispatcherServlet'
2026-07-19 13:35:39.823  INFO 26776 --- [http-nio-8080-exec-1] o.s.web.servlet.DispatcherServlet        : Completed initialization in 1 ms
2026-07-19 13:42:36.112  INFO 26776 --- [lettuce-nioEventLoop-4-1] io.lettuce.core.protocol.CommandHandler  : null Unexpected exception during request: java.net.SocketException: Connection reset

java.net.SocketException: Connection reset
	at java.base/sun.nio.ch.SocketChannelImpl.throwConnectionReset(SocketChannelImpl.java:394) ~[na:na]
	at java.base/sun.nio.ch.SocketChannelImpl.read(SocketChannelImpl.java:426) ~[na:na]
	at io.netty.buffer.PooledByteBuf.setBytes(PooledByteBuf.java:258) ~[netty-buffer-4.1.77.Final.jar:4.1.77.Final]
	at io.netty.buffer.AbstractByteBuf.writeBytes(AbstractByteBuf.java:1132) ~[netty-buffer-4.1.77.Final.jar:4.1.77.Final]
	at io.netty.channel.socket.nio.NioSocketChannel.doReadBytes(NioSocketChannel.java:357) ~[netty-transport-4.1.77.Final.jar:4.1.77.Final]
	at io.netty.channel.nio.AbstractNioByteChannel$NioByteUnsafe.read(AbstractNioByteChannel.java:151) ~[netty-transport-4.1.77.Final.jar:4.1.77.Final]
	at io.netty.channel.nio.NioEventLoop.processSelectedKey(NioEventLoop.java:722) ~[netty-transport-4.1.77.Final.jar:4.1.77.Final]
	at io.netty.channel.nio.NioEventLoop.processSelectedKeysOptimized(NioEventLoop.java:658) ~[netty-transport-4.1.77.Final.jar:4.1.77.Final]
	at io.netty.channel.nio.NioEventLoop.processSelectedKeys(NioEventLoop.java:584) ~[netty-transport-4.1.77.Final.jar:4.1.77.Final]
	at io.netty.channel.nio.NioEventLoop.run(NioEventLoop.java:496) ~[netty-transport-4.1.77.Final.jar:4.1.77.Final]
	at io.netty.util.concurrent.SingleThreadEventExecutor$4.run(SingleThreadEventExecutor.java:995) ~[netty-common-4.1.77.Final.jar:4.1.77.Final]
	at io.netty.util.internal.ThreadExecutorMap$2.run(ThreadExecutorMap.java:74) ~[netty-common-4.1.77.Final.jar:4.1.77.Final]
	at io.netty.util.concurrent.FastThreadLocalRunnable.run(FastThreadLocalRunnable.java:30) ~[netty-common-4.1.77.Final.jar:4.1.77.Final]
	at java.base/java.lang.Thread.run(Thread.java:840) ~[na:na]

2026-07-19 13:42:36.172  INFO 26776 --- [lettuce-eventExecutorLoop-1-15] i.l.core.protocol.ConnectionWatchdog     : Reconnecting, last destination was /127.0.0.1:6379
2026-07-19 13:42:36.184  WARN 26776 --- [lettuce-nioEventLoop-4-2] i.l.core.protocol.ConnectionWatchdog     : Cannot reconnect to [127.0.0.1/<unresolved>:6379]: Connection refused: getsockopt: /127.0.0.1:6379
2026-07-19 13:42:49.423  INFO 22784 --- [main] com.mybatis.Application                  : Starting Application using Java 17.0.19 on LY with PID 22784 (D:\Program Files\JetBrains\IntelliJ IDEA 2026.1.3\Project\springboot-mybatis\target\classes started by 25022 in D:\Program Files\JetBrains\IntelliJ IDEA 2026.1.3\Project\springboot-mybatis)
2026-07-19 13:42:49.426  INFO 22784 --- [main] com.mybatis.Application                  : No active profile set, falling back to 1 default profile: "default"
2026-07-19 13:42:50.179  INFO 22784 --- [main] .s.d.r.c.RepositoryConfigurationDelegate : Multiple Spring Data modules found, entering strict repository configuration mode!
2026-07-19 13:42:50.183  INFO 22784 --- [main] .s.d.r.c.RepositoryConfigurationDelegate : Bootstrapping Spring Data Redis repositories in DEFAULT mode.
2026-07-19 13:42:50.218  INFO 22784 --- [main] .s.d.r.c.RepositoryConfigurationDelegate : Finished Spring Data repository scanning in 10 ms. Found 0 Redis repository interfaces.
2026-07-19 13:42:50.941  INFO 22784 --- [main] o.s.b.w.embedded.tomcat.TomcatWebServer  : Tomcat initialized with port(s): 8080 (http)
2026-07-19 13:42:50.953  INFO 22784 --- [main] o.apache.catalina.core.StandardService   : Starting service [Tomcat]
2026-07-19 13:42:50.954  INFO 22784 --- [main] org.apache.catalina.core.StandardEngine  : Starting Servlet engine: [Apache Tomcat/9.0.63]
2026-07-19 13:42:51.097  INFO 22784 --- [main] o.a.c.c.C.[Tomcat].[localhost].[/]       : Initializing Spring embedded WebApplicationContext
2026-07-19 13:42:51.097  INFO 22784 --- [main] w.s.c.ServletWebServerApplicationContext : Root WebApplicationContext: initialization completed in 1609 ms
2026-07-19 13:42:52.589  INFO 22784 --- [main] o.s.b.w.embedded.tomcat.TomcatWebServer  : Tomcat started on port(s): 8080 (http) with context path ''
2026-07-19 13:42:52.609  INFO 22784 --- [main] com.mybatis.Application                  : Started Application in 3.677 seconds (JVM running for 4.183)
2026-07-19 13:42:56.386  INFO 22784 --- [http-nio-8080-exec-1] o.a.c.c.C.[Tomcat].[localhost].[/]       : Initializing Spring DispatcherServlet 'dispatcherServlet'
2026-07-19 13:42:56.388  INFO 22784 --- [http-nio-8080-exec-1] o.s.web.servlet.DispatcherServlet        : Initializing Servlet 'dispatcherServlet'
2026-07-19 13:42:56.389  INFO 22784 --- [http-nio-8080-exec-1] o.s.web.servlet.DispatcherServlet        : Completed initialization in 1 ms
2026-07-19 13:42:57.058 ERROR 22784 --- [http-nio-8080-exec-1] o.a.c.c.C.[.[.[/].[dispatcherServlet]    : Servlet.service() for servlet [dispatcherServlet] in context with path [] threw exception [Request processing failed; nested exception is org.springframework.data.redis.RedisConnectionFailureException: Unable to connect to Redis; nested exception is io.lettuce.core.RedisConnectionException: Unable to connect to 127.0.0.1/<unresolved>:6379] with root cause

java.net.ConnectException: Connection refused: getsockopt
	at java.base/sun.nio.ch.Net.pollConnect(Native Method) ~[na:na]
	at java.base/sun.nio.ch.Net.pollConnectNow(Net.java:684) ~[na:na]
	at java.base/sun.nio.ch.SocketChannelImpl.finishConnect(SocketChannelImpl.java:946) ~[na:na]
	at io.netty.channel.socket.nio.NioSocketChannel.doFinishConnect(NioSocketChannel.java:337) ~[netty-transport-4.1.77.Final.jar:4.1.77.Final]
	at io.netty.channel.nio.AbstractNioChannel$AbstractNioUnsafe.finishConnect(AbstractNioChannel.java:334) ~[netty-transport-4.1.77.Final.jar:4.1.77.Final]
	at io.netty.channel.nio.NioEventLoop.processSelectedKey(NioEventLoop.java:710) ~[netty-transport-4.1.77.Final.jar:4.1.77.Final]
	at io.netty.channel.nio.NioEventLoop.processSelectedKeysOptimized(NioEventLoop.java:658) ~[netty-transport-4.1.77.Final.jar:4.1.77.Final]
	at io.netty.channel.nio.NioEventLoop.processSelectedKeys(NioEventLoop.java:584) ~[netty-transport-4.1.77.Final.jar:4.1.77.Final]
	at io.netty.channel.nio.NioEventLoop.run(NioEventLoop.java:496) ~[netty-transport-4.1.77.Final.jar:4.1.77.Final]
	at io.netty.util.concurrent.SingleThreadEventExecutor$4.run(SingleThreadEventExecutor.java:995) ~[netty-common-4.1.77.Final.jar:4.1.77.Final]
	at io.netty.util.internal.ThreadExecutorMap$2.run(ThreadExecutorMap.java:74) ~[netty-common-4.1.77.Final.jar:4.1.77.Final]
	at io.netty.util.concurrent.FastThreadLocalRunnable.run(FastThreadLocalRunnable.java:30) ~[netty-common-4.1.77.Final.jar:4.1.77.Final]
	at java.base/java.lang.Thread.run(Thread.java:840) ~[na:na]

2026-07-19 13:42:59.089 ERROR 22784 --- [http-nio-8080-exec-2] o.a.c.c.C.[.[.[/].[dispatcherServlet]    : Servlet.service() for servlet [dispatcherServlet] in context with path [] threw exception [Request processing failed; nested exception is org.springframework.data.redis.RedisConnectionFailureException: Unable to connect to Redis; nested exception is io.lettuce.core.RedisConnectionException: Unable to connect to 127.0.0.1/<unresolved>:6379] with root cause

java.net.ConnectException: Connection refused: getsockopt
	at java.base/sun.nio.ch.Net.pollConnect(Native Method) ~[na:na]
	at java.base/sun.nio.ch.Net.pollConnectNow(Net.java:684) ~[na:na]
	at java.base/sun.nio.ch.SocketChannelImpl.finishConnect(SocketChannelImpl.java:946) ~[na:na]
	at io.netty.channel.socket.nio.NioSocketChannel.doFinishConnect(NioSocketChannel.java:337) ~[netty-transport-4.1.77.Final.jar:4.1.77.Final]
	at io.netty.channel.nio.AbstractNioChannel$AbstractNioUnsafe.finishConnect(AbstractNioChannel.java:334) ~[netty-transport-4.1.77.Final.jar:4.1.77.Final]
	at io.netty.channel.nio.NioEventLoop.processSelectedKey(NioEventLoop.java:710) ~[netty-transport-4.1.77.Final.jar:4.1.77.Final]
	at io.netty.channel.nio.NioEventLoop.processSelectedKeysOptimized(NioEventLoop.java:658) ~[netty-transport-4.1.77.Final.jar:4.1.77.Final]
	at io.netty.channel.nio.NioEventLoop.processSelectedKeys(NioEventLoop.java:584) ~[netty-transport-4.1.77.Final.jar:4.1.77.Final]
	at io.netty.channel.nio.NioEventLoop.run(NioEventLoop.java:496) ~[netty-transport-4.1.77.Final.jar:4.1.77.Final]
	at io.netty.util.concurrent.SingleThreadEventExecutor$4.run(SingleThreadEventExecutor.java:995) ~[netty-common-4.1.77.Final.jar:4.1.77.Final]
	at io.netty.util.internal.ThreadExecutorMap$2.run(ThreadExecutorMap.java:74) ~[netty-common-4.1.77.Final.jar:4.1.77.Final]
	at io.netty.util.concurrent.FastThreadLocalRunnable.run(FastThreadLocalRunnable.java:30) ~[netty-common-4.1.77.Final.jar:4.1.77.Final]
	at java.base/java.lang.Thread.run(Thread.java:840) ~[na:na]

